Archive member included because of file (symbol)

c:/program files (x86)/atmel/studio/7.0/toolchain/avr32/avr32-gnu-toolchain/bin/../lib/gcc/avr32/4.4.7/../../../../avr32/lib/ucr2\libc.a(lib_a-atexit.o)
                              c:/program files (x86)/atmel/studio/7.0/toolchain/avr32/avr32-gnu-toolchain/bin/../lib/gcc/avr32/4.4.7/../../../../avr32/lib/ucr2/crt0.o (atexit)
c:/program files (x86)/atmel/studio/7.0/toolchain/avr32/avr32-gnu-toolchain/bin/../lib/gcc/avr32/4.4.7/../../../../avr32/lib/ucr2\libc.a(lib_a-exit.o)
                              c:/program files (x86)/atmel/studio/7.0/toolchain/avr32/avr32-gnu-toolchain/bin/../lib/gcc/avr32/4.4.7/../../../../avr32/lib/ucr2/crt0.o (exit)
c:/program files (x86)/atmel/studio/7.0/toolchain/avr32/avr32-gnu-toolchain/bin/../lib/gcc/avr32/4.4.7/../../../../avr32/lib/ucr2\libc.a(lib_a-impure.o)
                              src/main.o (_impure_ptr)
c:/program files (x86)/atmel/studio/7.0/toolchain/avr32/avr32-gnu-toolchain/bin/../lib/gcc/avr32/4.4.7/../../../../avr32/lib/ucr2\libc.a(lib_a-malloc.o)
                              src/asf/thirdparty/freertos/source/portable/memmang/heap_3.o (free)
c:/program files (x86)/atmel/studio/7.0/toolchain/avr32/avr32-gnu-toolchain/bin/../lib/gcc/avr32/4.4.7/../../../../avr32/lib/ucr2\libc.a(lib_a-mallocr.o)
                              c:/program files (x86)/atmel/studio/7.0/toolchain/avr32/avr32-gnu-toolchain/bin/../lib/gcc/avr32/4.4.7/../../../../avr32/lib/ucr2\libc.a(lib_a-malloc.o) (_malloc_r)
c:/program files (x86)/atmel/studio/7.0/toolchain/avr32/avr32-gnu-toolchain/bin/../lib/gcc/avr32/4.4.7/../../../../avr32/lib/ucr2\libc.a(lib_a-memcpy.o)
                              src/asf/common/services/usb/class/cdc/device/udi_cdc.o (memcpy)
c:/program files (x86)/atmel/studio/7.0/toolchain/avr32/avr32-gnu-toolchain/bin/../lib/gcc/avr32/4.4.7/../../../../avr32/lib/ucr2\libc.a(lib_a-memset.o)
                              src/asf/thirdparty/freertos/source/tasks.o (memset)
c:/program files (x86)/atmel/studio/7.0/toolchain/avr32/avr32-gnu-toolchain/bin/../lib/gcc/avr32/4.4.7/../../../../avr32/lib/ucr2\libc.a(lib_a-realloc.o)
                              src/asf/thirdparty/freertos/source/portable/gcc/avr32_uc3/port.o (realloc)
c:/program files (x86)/atmel/studio/7.0/toolchain/avr32/avr32-gnu-toolchain/bin/../lib/gcc/avr32/4.4.7/../../../../avr32/lib/ucr2\libc.a(lib_a-reallocr.o)
                              c:/program files (x86)/atmel/studio/7.0/toolchain/avr32/avr32-gnu-toolchain/bin/../lib/gcc/avr32/4.4.7/../../../../avr32/lib/ucr2\libc.a(lib_a-realloc.o) (_realloc_r)
c:/program files (x86)/atmel/studio/7.0/toolchain/avr32/avr32-gnu-toolchain/bin/../lib/gcc/avr32/4.4.7/../../../../avr32/lib/ucr2\libc.a(lib_a-sbrkr.o)
                              c:/program files (x86)/atmel/studio/7.0/toolchain/avr32/avr32-gnu-toolchain/bin/../lib/gcc/avr32/4.4.7/../../../../avr32/lib/ucr2\libc.a(lib_a-mallocr.o) (_sbrk_r)
c:/program files (x86)/atmel/studio/7.0/toolchain/avr32/avr32-gnu-toolchain/bin/../lib/gcc/avr32/4.4.7/../../../../avr32/lib/ucr2\libc.a(lib_a-setbuf.o)
                              src/main.o (setbuf)
c:/program files (x86)/atmel/studio/7.0/toolchain/avr32/avr32-gnu-toolchain/bin/../lib/gcc/avr32/4.4.7/../../../../avr32/lib/ucr2\libc.a(lib_a-setvbuf.o)
                              c:/program files (x86)/atmel/studio/7.0/toolchain/avr32/avr32-gnu-toolchain/bin/../lib/gcc/avr32/4.4.7/../../../../avr32/lib/ucr2\libc.a(lib_a-setbuf.o) (setvbuf)
c:/program files (x86)/atmel/studio/7.0/toolchain/avr32/avr32-gnu-toolchain/bin/../lib/gcc/avr32/4.4.7/../../../../avr32/lib/ucr2\libc.a(lib_a-strncpy.o)
                              src/asf/thirdparty/freertos/source/tasks.o (strncpy)
c:/program files (x86)/atmel/studio/7.0/toolchain/avr32/avr32-gnu-toolchain/bin/../lib/gcc/avr32/4.4.7/../../../../avr32/lib/ucr2\libc.a(lib_a-syscalls.o)
                              c:/program files (x86)/atmel/studio/7.0/toolchain/avr32/avr32-gnu-toolchain/bin/../lib/gcc/avr32/4.4.7/../../../../avr32/lib/ucr2/crt0.o (_init_argv)
c:/program files (x86)/atmel/studio/7.0/toolchain/avr32/avr32-gnu-toolchain/bin/../lib/gcc/avr32/4.4.7/../../../../avr32/lib/ucr2\libc.a(lib_a-__atexit.o)
                              c:/program files (x86)/atmel/studio/7.0/toolchain/avr32/avr32-gnu-toolchain/bin/../lib/gcc/avr32/4.4.7/../../../../avr32/lib/ucr2\libc.a(lib_a-atexit.o) (__register_exitproc)
c:/program files (x86)/atmel/studio/7.0/toolchain/avr32/avr32-gnu-toolchain/bin/../lib/gcc/avr32/4.4.7/../../../../avr32/lib/ucr2\libc.a(lib_a-__call_atexit.o)
                              c:/program files (x86)/atmel/studio/7.0/toolchain/avr32/avr32-gnu-toolchain/bin/../lib/gcc/avr32/4.4.7/../../../../avr32/lib/ucr2\libc.a(lib_a-exit.o) (__call_exitprocs)
c:/program files (x86)/atmel/studio/7.0/toolchain/avr32/avr32-gnu-toolchain/bin/../lib/gcc/avr32/4.4.7/../../../../avr32/lib/ucr2\libc.a(lib_a-errno.o)
[...]
Memory Configuration

Name             Origin             Length             Attributes
FLASH            0x80000000         0x00040000         axrl !w
INTRAM           0x00000004         0x0000fffc         axw !rl
HRAM0            0xff000000         0x00008000         axw !rl
HRAM1            0xff008000         0x00008000         axw !rl
USERPAGE         0x80800000         0x00000200
*default*        0x00000000         0xffffffff

Linker script and memory map

                0x00001000                _stack_size = 0x1000
LOAD c:/program files (x86)/atmel/studio/7.0/toolchain/avr32/avr32-gnu-toolchain/bin/../lib/gcc/avr32/4.4.7/../../../../avr32/lib/ucr2/crt0.o
LOAD c:/program files (x86)/atmel/studio/7.0/toolchain/avr32/avr32-gnu-toolchain/bin/../lib/gcc/avr32/4.4.7/ucr2/crti.o
LOAD c:/program files (x86)/atmel/studio/7.0/toolchain/avr32/avr32-gnu-toolchain/bin/../lib/gcc/avr32/4.4.7/ucr2/crtbegin.o
LOAD src/asf/avr32/boards/uc3_a3_xplained/init.o
LOAD src/asf/avr32/boards/uc3_a3_xplained/led.o
LOAD src/asf/avr32/drivers/flashc/flashc.o
LOAD src/asf/avr32/drivers/gpio/gpio.o
LOAD src/asf/avr32/drivers/intc/intc.o
LOAD src/asf/avr32/drivers/pm/pm.o
LOAD src/asf/avr32/drivers/pm/pm_conf_clocks.o
LOAD src/asf/avr32/drivers/pm/power_clocks_lib.o
LOAD src/asf/avr32/drivers/tc/tc.o
LOAD src/asf/avr32/drivers/usart/usart.o
LOAD src/asf/avr32/drivers/usbb/usbb_device.o
LOAD src/asf/avr32/utils/startup/trampoline_uc3.o
LOAD src/asf/common/services/clock/uc3a3_a4/sysclk.o
LOAD src/asf/common/services/sleepmgr/uc3/sleepmgr.o
LOAD src/asf/common/services/usb/class/cdc/device/udi_cdc.o
LOAD src/asf/common/services/usb/class/cdc/device/udi_cdc_desc.o
LOAD src/asf/common/services/usb/udc/udc.o
LOAD src/asf/common/utils/stdio/read.o
LOAD src/asf/common/utils/stdio/stdio_usb/stdio_usb.o
LOAD src/asf/common/utils/stdio/write.o
LOAD src/asf/thirdparty/freertos/source/croutine.o
LOAD src/asf/thirdparty/freertos/source/list.o
LOAD src/asf/thirdparty/freertos/source/portable/gcc/avr32_uc3/exception.o
LOAD src/asf/thirdparty/freertos/source/portable/gcc/avr32_uc3/port.o
LOAD src/asf/thirdparty/freertos/source/portable/gcc/avr32_uc3/read.o
LOAD src/asf/thirdparty/freertos/source/portable/gcc/avr32_uc3/write.o
LOAD src/asf/thirdparty/freertos/source/portable/memmang/heap_3.o
LOAD src/asf/thirdparty/freertos/source/queue.o
LOAD src/asf/thirdparty/freertos/source/tasks.o
LOAD src/asf/thirdparty/freertos/source/timers.o
LOAD src/main.o
START GROUP
LOAD c:/program files (x86)/atmel/studio/7.0/toolchain/avr32/avr32-gnu-toolchain/bin/../lib/gcc/avr32/4.4.7/../../../../avr32/lib/ucr2\libm.a
END GROUP
LOAD c:/program files (x86)/atmel/studio/7.0/toolchain/avr32/avr32-gnu-toolchain/bin/../lib/gcc/avr32/4.4.7/ucr2\libgcc.a
LOAD c:/program files (x86)/atmel/studio/7.0/toolchain/avr32/avr32-gnu-toolchain/bin/../lib/gcc/avr32/4.4.7/../../../../avr32/lib/ucr2\libc.a
LOAD c:/program files (x86)/atmel/studio/7.0/toolchain/avr32/avr32-gnu-toolchain/bin/../lib/gcc/avr32/4.4.7/ucr2\libgcc.a
LOAD c:/program files (x86)/atmel/studio/7.0/toolchain/avr32/avr32-gnu-toolchain/bin/../lib/gcc/avr32/4.4.7/ucr2/crtend.o
LOAD c:/program files (x86)/atmel/studio/7.0/toolchain/avr32/avr32-gnu-toolchain/bin/../lib/gcc/avr32/4.4.7/ucr2/crtn.o
                0xffffffff                __max_heap_size__ = 0xffffffff
                [0xffffffff]                __heap_size__ = DEFINED (__heap_size__)?__heap_size__:__max_heap_size__
                [0x00001000]                __stack_size__ = DEFINED (__stack_size__)?__stack_size__:0x1000
                0x80000000                PROVIDE (__executable_start, 0x80000000)
                0x80000000                . = 0x80000000

.interp
 *(.interp)

.reset          0x80000000     0x2008
 *(.reset)
 .reset         0x80000000     0x2008 src/asf/avr32/utils/startup/trampoline_uc3.o
                0x80000000                _trampoline

.hash
 *(.hash)

.dynsym
 *(.dynsym)

.dynstr
 *(.dynstr)

.gnu.version
 *(.gnu.version)

.gnu.version_d
 *(.gnu.version_d)

.gnu.version_r
 *(.gnu.version_r)

.rel.init
 *(.rel.init)

.rela.init
 *(.rela.init)

.rel.text
 *(.rel.text .rel.text.* .rel.gnu.linkonce.t.*)

.rela.text
 *(.rela.text .rela.text.* .rela.gnu.linkonce.t.*)

.rel.fini
 *(.rel.fini)

.rela.fini
 *(.rela.fini)

.rel.rodata
 *(.rel.rodata .rel.rodata.* .rel.gnu.linkonce.r.*)

.rela.rodata
 *(.rela.rodata .rela.rodata.* .rela.gnu.linkonce.r.*)

.rel.data.rel.ro
 *(.rel.data.rel.ro*)

.rela.data.rel.ro
 *(.rel.data.rel.ro*)

.rel.data
 *(.rel.data .rel.data.* .rel.gnu.linkonce.d.*)

.rela.data
 *(.rela.data .rela.data.* .rela.gnu.linkonce.d.*)

.rel.tdata
 *(.rel.tdata .rel.tdata.* .rel.gnu.linkonce.td.*)

.rela.tdata
 *(.rela.tdata .rela.tdata.* .rela.gnu.linkonce.td.*)

.rel.tbss
 *(.rel.tbss .rel.tbss.* .rel.gnu.linkonce.tb.*)

.rela.tbss
 *(.rela.tbss .rela.tbss.* .rela.gnu.linkonce.tb.*)

.rel.ctors
 *(.rel.ctors)

.rela.ctors
 *(.rela.ctors)

.rel.dtors
 *(.rel.dtors)

.rela.dtors
 *(.rela.dtors)

.rel.got
 *(.rel.got)

.rela.got       0x80002008        0x0
 *(.rela.got)
 .rela.got      0x80002008        0x0 c:/program files (x86)/atmel/studio/7.0/toolchain/avr32/avr32-gnu-toolchain/bin/../lib/gcc/avr32/4.4.7/../../../../avr32/lib/ucr2/crt0.o

.rel.bss
 *(.rel.bss .rel.bss.* .rel.gnu.linkonce.b.*)

.rela.bss
 *(.rela.bss .rela.bss.* .rela.gnu.linkonce.b.*)

.rel.plt
 *(.rel.plt)

.rela.plt
 *(.rela.plt)

.init           0x80002008       0x1c
 *(.init)
 .init          0x80002008       0x10 c:/program files (x86)/atmel/studio/7.0/toolchain/avr32/avr32-gnu-toolchain/bin/../lib/gcc/avr32/4.4.7/ucr2/crti.o
                0x80002008                _init
 .init          0x80002018        0x4 c:/program files (x86)/atmel/studio/7.0/toolchain/avr32/avr32-gnu-toolchain/bin/../lib/gcc/avr32/4.4.7/ucr2/crtbegin.o
 .init          0x8000201c        0x4 c:/program files (x86)/atmel/studio/7.0/toolchain/avr32/avr32-gnu-toolchain/bin/../lib/gcc/avr32/4.4.7/ucr2/crtend.o
 .init          0x80002020        0x4 c:/program files (x86)/atmel/studio/7.0/toolchain/avr32/avr32-gnu-toolchain/bin/../lib/gcc/avr32/4.4.7/ucr2/crtn.o

.plt
 *(.plt)

.text           0x80002024     0x3aa8
 *(.text .stub .text.* .gnu.linkonce.t.*)
 .text          0x80002024       0x84 c:/program files (x86)/atmel/studio/7.0/toolchain/avr32/avr32-gnu-toolchain/bin/../lib/gcc/avr32/4.4.7/../../../../avr32/lib/ucr2/crt0.o
                0x80002024                _stext
 .text          0x800020a8       0x64 c:/program files (x86)/atmel/studio/7.0/toolchain/avr32/avr32-gnu-toolchain/bin/../lib/gcc/avr32/4.4.7/ucr2/crtbegin.o
 .text.board_init
                0x8000210c       0x30 src/asf/avr32/boards/uc3_a3_xplained/init.o
                0x8000210c                board_init
 .text.gpio_configure_pin
                0x8000213c       0xb8 src/asf/avr32/drivers/gpio/gpio.o
                0x8000213c                gpio_configure_pin
 .text.gpio_get_pin_value
                0x800021f4       0x16 src/asf/avr32/drivers/gpio/gpio.o
                0x800021f4                gpio_get_pin_value
 .text.gpio_set_pin_high
                0x8000220a       0x16 src/asf/avr32/drivers/gpio/gpio.o
                0x8000220a                gpio_set_pin_high
 .text.gpio_set_pin_low
                0x80002220       0x16 src/asf/avr32/drivers/gpio/gpio.o
                0x80002220                gpio_set_pin_low
 .text._unhandled_interrupt
                0x80002236        0x2 src/asf/avr32/drivers/intc/intc.o
 .text.INTC_register_interrupt
                0x80002238       0x30 src/asf/avr32/drivers/intc/intc.o
                0x80002238                INTC_register_interrupt
 .text.INTC_init_interrupts
                0x80002268       0x54 src/asf/avr32/drivers/intc/intc.o
                0x80002268                INTC_init_interrupts
 .text._get_interrupt_handler
                0x800022bc       0x38 src/asf/avr32/drivers/intc/intc.o
                0x800022bc                _get_interrupt_handler
 .text.pm_set_osc0_mode
                0x800022f4        0xa src/asf/avr32/drivers/pm/pm.o
 *fill*         0x800022fe        0x2 d703d703
 .text.pm_enable_osc0_crystal
                0x80002300       0x3c src/asf/avr32/drivers/pm/pm.o
                0x80002300                pm_enable_osc0_crystal
 .text.pm_enable_clk0_no_wait
                0x8000233c       0x10 src/asf/avr32/drivers/pm/pm.o
                0x8000233c                pm_enable_clk0_no_wait
 .text.pm_wait_for_clk0_ready
                0x8000234c        0xa src/asf/avr32/drivers/pm/pm.o
                0x8000234c                pm_wait_for_clk0_ready
 *fill*         0x80002356        0x2 d703d703
 .text.pm_enable_clk0
                0x80002358       0x1c src/asf/avr32/drivers/pm/pm.o
                0x80002358                pm_enable_clk0
 .text.pm_switch_to_clock
                0x80002374        0xa src/asf/avr32/drivers/pm/pm.o
                0x80002374                pm_switch_to_clock
 *fill*         0x8000237e        0x2 d703d703
 .text.pm_switch_to_osc0
                0x80002380       0x2c src/asf/avr32/drivers/pm/pm.o
                0x80002380                pm_switch_to_osc0
 .text.pcl_switch_to_osc
                0x800023ac       0x1c src/asf/avr32/drivers/pm/power_clocks_lib.o
                0x800023ac                pcl_switch_to_osc
 .text.udd_include_vbus_monitoring
                0x800023c8        0x2 src/asf/avr32/drivers/usbb/usbb_device.o
                0x800023c8                udd_include_vbus_monitoring
 .text.udd_is_high_speed
                0x800023ca        0x2 src/asf/avr32/drivers/usbb/usbb_device.o
                0x800023ca                udd_is_high_speed
 .text.udd_set_address
                0x800023cc       0x22 src/asf/avr32/drivers/usbb/usbb_device.o
                0x800023cc                udd_set_address
 .text.udd_getaddress
                0x800023ee        0xc src/asf/avr32/drivers/usbb/usbb_device.o
                0x800023ee                udd_getaddress
 .text.udd_get_frame_number
                0x800023fa        0xc src/asf/avr32/drivers/usbb/usbb_device.o
                0x800023fa                udd_get_frame_number
 .text.udd_get_micro_frame_number
                0x80002406        0xc src/asf/avr32/drivers/usbb/usbb_device.o
                0x80002406                udd_get_micro_frame_number
 *fill*         0x80002412        0x2 d703d703
 .text.udd_set_setup_payload
                0x80002414        0xc src/asf/avr32/drivers/usbb/usbb_device.o
                0x80002414                udd_set_setup_payload
 .text.udd_ep_is_halted
                0x80002420       0x12 src/asf/avr32/drivers/usbb/usbb_device.o
                0x80002420                udd_ep_is_halted
 *fill*         0x80002432        0x2 d703d703
 .text.udd_ep_set_halt
                0x80002434       0x7c src/asf/avr32/drivers/usbb/usbb_device.o
                0x80002434                udd_ep_set_halt
 .text.udd_ep_clear_halt
                0x800024b0       0x74 src/asf/avr32/drivers/usbb/usbb_device.o
                0x800024b0                udd_ep_clear_halt
 .text.udd_ctrl_stall_data
                0x80002524       0x18 src/asf/avr32/drivers/usbb/usbb_device.o
 .text.udd_ctrl_endofrequest
                0x8000253c       0x14 src/asf/avr32/drivers/usbb/usbb_device.o
 .text.udd_ep_finish_job
                0x80002550       0x20 src/asf/avr32/drivers/usbb/usbb_device.o
 .text.udd_ep_abort_job
                0x80002570       0x20 src/asf/avr32/drivers/usbb/usbb_device.o
 .text.udd_ep_free
                0x80002590       0x30 src/asf/avr32/drivers/usbb/usbb_device.o
                0x80002590                udd_ep_free
 .text.udd_ep_run
                0x800025c0      0x148 src/asf/avr32/drivers/usbb/usbb_device.o
                0x800025c0                udd_ep_run
 .text.udd_sleep_mode
                0x80002708       0x50 src/asf/avr32/drivers/usbb/usbb_device.o
 .text.udd_detach
                0x80002758       0x24 src/asf/avr32/drivers/usbb/usbb_device.o
                0x80002758                udd_detach
 .text.udd_ctrl_init
                0x8000277c       0x34 src/asf/avr32/drivers/usbb/usbb_device.o
 .text.udd_ctrl_send_zlp_in
                0x800027b0       0x2c src/asf/avr32/drivers/usbb/usbb_device.o
 .text.udd_ctrl_in_sent
                0x800027dc      0x13c src/asf/avr32/drivers/usbb/usbb_device.o
 .text.udd_ep_alloc
                0x80002918      0x122 src/asf/avr32/drivers/usbb/usbb_device.o
                0x80002918                udd_ep_alloc
 .text.udd_reset_ep_ctrl
                0x80002a3a       0x6c src/asf/avr32/drivers/usbb/usbb_device.o
 *fill*         0x80002aa6        0x2 d703d703
 .text.udd_attach
                0x80002aa8       0x70 src/asf/avr32/drivers/usbb/usbb_device.o
                0x80002aa8                udd_attach
 .text.udd_enable
                0x80002b18      0x100 src/asf/avr32/drivers/usbb/usbb_device.o
                0x80002b18                udd_enable
 .text.udd_interrupt
                0x80002c18      0x628 src/asf/avr32/drivers/usbb/usbb_device.o
 .text.sysclk_priv_enable_module
                0x80003240       0x2a src/asf/common/services/clock/uc3a3_a4/sysclk.o
                0x80003240                sysclk_priv_enable_module
 *fill*         0x8000326a        0x2 d703d703
 .text.sysclk_enable_pbb_module
                0x8000326c       0x54 src/asf/common/services/clock/uc3a3_a4/sysclk.o
                0x8000326c                sysclk_enable_pbb_module
 .text.sysclk_enable_usb
                0x800032c0       0x48 src/asf/common/services/clock/uc3a3_a4/sysclk.o
                0x800032c0                sysclk_enable_usb
 .text.udi_cdc_data_disable
                0x80003308        0x2 src/asf/common/services/usb/class/cdc/device/udi_cdc.o
                0x80003308                udi_cdc_data_disable
 *fill*         0x8000330a        0x2 d703d703
 .text.udi_cdc_comm_setup
                0x8000330c       0x84 src/asf/common/services/usb/class/cdc/device/udi_cdc.o
                0x8000330c                udi_cdc_comm_setup
 .text.udi_cdc_data_setup
                0x80003390        0x2 src/asf/common/services/usb/class/cdc/device/udi_cdc.o
                0x80003390                udi_cdc_data_setup
 .text.udi_cdc_getsetting
                0x80003392        0x2 src/asf/common/services/usb/class/cdc/device/udi_cdc.o
                0x80003392                udi_cdc_getsetting
 .text.udi_cdc_line_coding_received
                0x80003394        0x2 src/asf/common/services/usb/class/cdc/device/udi_cdc.o
                0x80003394                udi_cdc_line_coding_received
 *fill*         0x80003396        0x2 d703d703
 .text.udi_cdc_is_rx_ready
                0x80003398       0x24 src/asf/common/services/usb/class/cdc/device/udi_cdc.o
                0x80003398                udi_cdc_is_rx_ready
 .text.udi_cdc_is_tx_ready
                0x800033bc       0x64 src/asf/common/services/usb/class/cdc/device/udi_cdc.o
                0x800033bc                udi_cdc_is_tx_ready
 .text.udi_cdc_putc
                0x80003420       0x7c src/asf/common/services/usb/class/cdc/device/udi_cdc.o
                0x80003420                udi_cdc_putc
 .text.udi_cdc_rx_start
                0x8000349c       0x84 src/asf/common/services/usb/class/cdc/device/udi_cdc.o
 .text.udi_cdc_getc
                0x80003520       0x7c src/asf/common/services/usb/class/cdc/device/udi_cdc.o
                0x80003520                udi_cdc_getc
 .text.udi_cdc_data_recevied
                0x8000359c       0x38 src/asf/common/services/usb/class/cdc/device/udi_cdc.o
                0x8000359c                udi_cdc_data_recevied
 .text.udi_cdc_tx_send
                0x800035d4       0xd8 src/asf/common/services/usb/class/cdc/device/udi_cdc.o
 .text.udi_cdc_data_sent
                0x800036ac       0x40 src/asf/common/services/usb/class/cdc/device/udi_cdc.o
                0x800036ac                udi_cdc_data_sent
 .text.udi_cdc_data_sof_notify
                0x800036ec        0xc src/asf/common/services/usb/class/cdc/device/udi_cdc.o
                0x800036ec                udi_cdc_data_sof_notify
 .text.udi_cdc_data_enable
                0x800036f8       0x70 src/asf/common/services/usb/class/cdc/device/udi_cdc.o
                0x800036f8                udi_cdc_data_enable
 .text.udi_cdc_comm_disable
                0x80003768       0x18 src/asf/common/services/usb/class/cdc/device/udi_cdc.o
                0x80003768                udi_cdc_comm_disable
 .text.udi_cdc_comm_enable
                0x80003780       0x3c src/asf/common/services/usb/class/cdc/device/udi_cdc.o
                0x80003780                udi_cdc_comm_enable
 .text.udc_sof_notify
                0x800037bc       0x50 src/asf/common/services/usb/udc/udc.o
                0x800037bc                udc_sof_notify
 .text.udc_get_eof_conf
                0x8000380c       0x20 src/asf/common/services/usb/udc/udc.o
 .text.udc_update_iface_desc
                0x8000382c       0x84 src/asf/common/services/usb/udc/udc.o
 .text.udc_next_desc_in_iface
                0x800038b0       0x50 src/asf/common/services/usb/udc/udc.o
 .text.udc_valid_address
                0x80003900       0x18 src/asf/common/services/usb/udc/udc.o
 .text.udc_iface_enable
                0x80003918       0x60 src/asf/common/services/usb/udc/udc.o
 .text.udc_iface_disable
                0x80003978       0x64 src/asf/common/services/usb/udc/udc.o
 .text.udc_reset
                0x800039dc       0x60 src/asf/common/services/usb/udc/udc.o
                0x800039dc                udc_reset
 .text.udc_process_setup
                0x80003a3c      0x494 src/asf/common/services/usb/udc/udc.o
                0x80003a3c                udc_process_setup
 .text._read    0x80003ed0       0x54 src/asf/common/utils/stdio/read.o
                0x80003ed0                _read
 .text.stdio_usb_enable
                0x80003f24        0xc src/asf/common/utils/stdio/stdio_usb/stdio_usb.o
                0x80003f24                stdio_usb_enable
 .text.stdio_usb_disable
                0x80003f30        0xc src/asf/common/utils/stdio/stdio_usb/stdio_usb.o
                0x80003f30                stdio_usb_disable
 .text.stdio_usb_vbus_event
                0x80003f3c       0x1c src/asf/common/utils/stdio/stdio_usb/stdio_usb.o
                0x80003f3c                stdio_usb_vbus_event
 .text.stdio_usb_init
                0x80003f58       0x44 src/asf/common/utils/stdio/stdio_usb/stdio_usb.o
                0x80003f58                stdio_usb_init
 .text.stdio_usb_getchar
                0x80003f9c       0x2c src/asf/common/utils/stdio/stdio_usb/stdio_usb.o
                0x80003f9c                stdio_usb_getchar
 .text.stdio_usb_putchar
                0x80003fc8       0x24 src/asf/common/utils/stdio/stdio_usb/stdio_usb.o
                0x80003fc8                stdio_usb_putchar
 .text._write   0x80003fec       0x44 src/asf/common/utils/stdio/write.o
                0x80003fec                _write
 .text.vListInitialise
                0x80004030       0x14 src/asf/thirdparty/freertos/source/list.o
                0x80004030                vListInitialise
 .text.vListInitialiseItem
                0x80004044        0x6 src/asf/thirdparty/freertos/source/list.o
                0x80004044                vListInitialiseItem
 .text.vListInsertEnd
                0x8000404a       0x1c src/asf/thirdparty/freertos/source/list.o
                0x8000404a                vListInsertEnd
 .text.vListInsert
                0x80004066       0x34 src/asf/thirdparty/freertos/source/list.o
                0x80004066                vListInsert
 .text.vListRemove
                0x8000409a       0x26 src/asf/thirdparty/freertos/source/list.o
                0x8000409a                vListRemove
 .text.pxPortInitialiseStack
                0x800040c0       0x92 src/asf/thirdparty/freertos/source/portable/gcc/avr32_uc3/port.o
                0x800040c0                pxPortInitialiseStack
 *fill*         0x80004152        0x2 d703d703
 .text.vPortEnterCritical
                0x80004154       0x10 src/asf/thirdparty/freertos/source/portable/gcc/avr32_uc3/port.o
                0x80004154                vPortEnterCritical
 .text.xPortStartScheduler
                0x80004164       0x58 src/asf/thirdparty/freertos/source/portable/gcc/avr32_uc3/port.o
                0x80004164                xPortStartScheduler
 .text.SCALLYield
                0x800041bc       0x98 src/asf/thirdparty/freertos/source/portable/gcc/avr32_uc3/port.o
                0x800041bc                SCALLYield
 .text.prvClearCcInt
                0x80004254        0xa src/asf/thirdparty/freertos/source/portable/gcc/avr32_uc3/port.o
 *fill*         0x8000425e        0x2 d703d703
 .text.vPortExitCritical
                0x80004260       0x20 src/asf/thirdparty/freertos/source/portable/gcc/avr32_uc3/port.o
                0x80004260                vPortExitCritical
 .text.vTick    0x80004280       0x84 src/asf/thirdparty/freertos/source/portable/gcc/avr32_uc3/port.o
 .text.__malloc_lock
                0x80004304        0xc src/asf/thirdparty/freertos/source/portable/gcc/avr32_uc3/port.o
                0x80004304                __malloc_lock
 .text.__malloc_unlock
                0x80004310        0xc src/asf/thirdparty/freertos/source/portable/gcc/avr32_uc3/port.o
                0x80004310                __malloc_unlock
 .text._init_startup
                0x8000431c       0x18 src/asf/thirdparty/freertos/source/portable/gcc/avr32_uc3/port.o
                0x8000431c                _init_startup
 .text.vPortFree
                0x80004334       0x28 src/asf/thirdparty/freertos/source/portable/memmang/heap_3.o
                0x80004334                vPortFree
 .text.pvPortMalloc
                0x8000435c       0x28 src/asf/thirdparty/freertos/source/portable/memmang/heap_3.o
                0x8000435c                pvPortMalloc
 .text.vTaskSuspendAll
                0x80004384       0x10 src/asf/thirdparty/freertos/source/tasks.o
                0x80004384                vTaskSuspendAll
 .text.vTaskSwitchContext
                0x80004394       0x7c src/asf/thirdparty/freertos/source/tasks.o
                0x80004394                vTaskSwitchContext
 .text.vTaskIncrementTick
                0x80004410      0x118 src/asf/thirdparty/freertos/source/tasks.o
                0x80004410                vTaskIncrementTick
 .text.xTaskResumeAll
                0x80004528       0xe4 src/asf/thirdparty/freertos/source/tasks.o
                0x80004528                xTaskResumeAll
 .text.prvAddCurrentTaskToDelayedList
                0x8000460c       0x5c src/asf/thirdparty/freertos/source/tasks.o
 .text.vTaskDelay
                0x80004668       0x48 src/asf/thirdparty/freertos/source/tasks.o
                0x80004668                vTaskDelay
 .text.prvIdleTask
                0x800046b0       0x80 src/asf/thirdparty/freertos/source/tasks.o
 .text.xTaskGenericCreate
                0x80004730      0x1e4 src/asf/thirdparty/freertos/source/tasks.o
                0x80004730                xTaskGenericCreate
 .text.vTaskStartScheduler
                0x80004914       0x4c src/asf/thirdparty/freertos/source/tasks.o
                0x80004914                vTaskStartScheduler
 .text.busy_delay_ms
                0x80004960       0x1a src/main.o
                0x80004960                busy_delay_ms
 *fill*         0x8000497a        0x2 d703d703
 .text.responseTask
                0x8000497c       0x70 src/main.o
 .text.init     0x800049ec       0x84 src/main.o
                0x800049ec                init
 .text.main     0x80004a70       0x94 src/main.o
                0x80004a70                main
 .text.atexit   0x80004b04       0x14 c:/program files (x86)/atmel/studio/7.0/toolchain/avr32/avr32-gnu-toolchain/bin/../lib/gcc/avr32/4.4.7/../../../../avr32/lib/ucr2\libc.a(lib_a-atexit.o)
                0x80004b04                atexit
 .text.exit     0x80004b18       0x28 c:/program files (x86)/atmel/studio/7.0/toolchain/avr32/avr32-gnu-toolchain/bin/../lib/gcc/avr32/4.4.7/../../../../avr32/lib/ucr2\libc.a(lib_a-exit.o)
                0x80004b18                exit
 .text.free     0x80004b40       0x18 c:/program files (x86)/atmel/studio/7.0/toolchain/avr32/avr32-gnu-toolchain/bin/../lib/gcc/avr32/4.4.7/../../../../avr32/lib/ucr2\libc.a(lib_a-malloc.o)
                0x80004b40                free
 .text.malloc   0x80004b58       0x18 c:/program files (x86)/atmel/studio/7.0/toolchain/avr32/avr32-gnu-toolchain/bin/../lib/gcc/avr32/4.4.7/../../../../avr32/lib/ucr2\libc.a(lib_a-malloc.o)
                0x80004b58                malloc
 .text._malloc_r
                0x80004b70      0x450 c:/program files (x86)/atmel/studio/7.0/toolchain/avr32/avr32-gnu-toolchain/bin/../lib/gcc/avr32/4.4.7/../../../../avr32/lib/ucr2\libc.a(lib_a-mallocr.o)
                0x80004b70                _malloc_r
 .text.memset   0x80004fc0        0xe c:/program files (x86)/atmel/studio/7.0/toolchain/avr32/avr32-gnu-toolchain/bin/../lib/gcc/avr32/4.4.7/../../../../avr32/lib/ucr2\libc.a(lib_a-memset.o)
                0x80004fc0                memset
 *fill*         0x80004fce        0x2 d703d703
 .text._sbrk_r  0x80004fd0       0x28 c:/program files (x86)/atmel/studio/7.0/toolchain/avr32/avr32-gnu-toolchain/bin/../lib/gcc/avr32/4.4.7/../../../../avr32/lib/ucr2\libc.a(lib_a-sbrkr.o)
                0x80004fd0                _sbrk_r
 .text.setbuf   0x80004ff8       0x1c c:/program files (x86)/atmel/studio/7.0/toolchain/avr32/avr32-gnu-toolchain/bin/../lib/gcc/avr32/4.4.7/../../../../avr32/lib/ucr2\libc.a(lib_a-setbuf.o)
                0x80004ff8                setbuf
 .text.setvbuf  0x80005014      0x120 c:/program files (x86)/atmel/studio/7.0/toolchain/avr32/avr32-gnu-toolchain/bin/../lib/gcc/avr32/4.4.7/../../../../avr32/lib/ucr2\libc.a(lib_a-setvbuf.o)
                0x80005014                setvbuf
 .text          0x80005134       0x20 c:/program files (x86)/atmel/studio/7.0/toolchain/avr32/avr32-gnu-toolchain/bin/../lib/gcc/avr32/4.4.7/../../../../avr32/lib/ucr2\libc.a(lib_a-strncpy.o)
                0x80005134                strncpy
 .text._init_argv
                0x80005154        0xa c:/program files (x86)/atmel/studio/7.0/toolchain/avr32/avr32-gnu-toolchain/bin/../lib/gcc/avr32/4.4.7/../../../../avr32/lib/ucr2\libc.a(lib_a-syscalls.o)
                0x80005154                _init_argv
 .text._exit    0x8000515e        0xa c:/program files (x86)/atmel/studio/7.0/toolchain/avr32/avr32-gnu-toolchain/bin/../lib/gcc/avr32/4.4.7/../../../../avr32/lib/ucr2\libc.a(lib_a-syscalls.o)
                0x8000515e                _exit
 .text._close   0x80005168       0x18 c:/program files (x86)/atmel/studio/7.0/toolchain/avr32/avr32-gnu-toolchain/bin/../lib/gcc/avr32/4.4.7/../../../../avr32/lib/ucr2\libc.a(lib_a-syscalls.o)
                0x80005168                _close
 .text._lseek   0x80005180       0x18 c:/program files (x86)/atmel/studio/7.0/toolchain/avr32/avr32-gnu-toolchain/bin/../lib/gcc/avr32/4.4.7/../../../../avr32/lib/ucr2\libc.a(lib_a-syscalls.o)
                0x80005180                _lseek
 .text._sbrk    0x80005198       0x40 c:/program files (x86)/atmel/studio/7.0/toolchain/avr32/avr32-gnu-toolchain/bin/../lib/gcc/avr32/4.4.7/../../../../avr32/lib/ucr2\libc.a(lib_a-syscalls.o)
                0x80005198                _sbrk
 .text.__register_exitproc
                0x800051d8       0xac c:/program files (x86)/atmel/studio/7.0/toolchain/avr32/avr32-gnu-toolchain/bin/../lib/gcc/avr32/4.4.7/../../../../avr32/lib/ucr2\libc.a(lib_a-__atexit.o)
                0x800051d8                __register_exitproc
 .text.__call_exitprocs
                0x80005284       0xd4 c:/program files (x86)/atmel/studio/7.0/toolchain/avr32/avr32-gnu-toolchain/bin/../lib/gcc/avr32/4.4.7/../../../../avr32/lib/ucr2\libc.a(lib_a-__call_atexit.o)
                0x80005284                __call_exitprocs
 .text.__errno  0x80005358        0xc c:/program files (x86)/atmel/studio/7.0/toolchain/avr32/avr32-gnu-toolchain/bin/../lib/gcc/avr32/4.4.7/../../../../avr32/lib/ucr2\libc.a(lib_a-errno.o)
                0x80005358                __errno
 .text._fflush_r
                0x80005364      0x118 c:/program files (x86)/atmel/studio/7.0/toolchain/avr32/avr32-gnu-toolchain/bin/../lib/gcc/avr32/4.4.7/../../../../avr32/lib/ucr2\libc.a(lib_a-fflush.o)
                0x80005364                _fflush_r
 .text.__sfp_lock_acquire
                0x8000547c        0x2 c:/program files (x86)/atmel/studio/7.0/toolchain/avr32/avr32-gnu-toolchain/bin/../lib/gcc/avr32/4.4.7/../../../../avr32/lib/ucr2\libc.a(lib_a-findfp.o)
                0x8000547c                __sfp_lock_acquire
 .text.__sfp_lock_release
                0x8000547e        0x2 c:/program files (x86)/atmel/studio/7.0/toolchain/avr32/avr32-gnu-toolchain/bin/../lib/gcc/avr32/4.4.7/../../../../avr32/lib/ucr2\libc.a(lib_a-findfp.o)
                0x8000547e                __sfp_lock_release
 .text._cleanup_r
                0x80005480       0x14 c:/program files (x86)/atmel/studio/7.0/toolchain/avr32/avr32-gnu-toolchain/bin/../lib/gcc/avr32/4.4.7/../../../../avr32/lib/ucr2\libc.a(lib_a-findfp.o)
                0x80005480                _cleanup_r
 .text.__sfmoreglue
                0x80005494       0x30 c:/program files (x86)/atmel/studio/7.0/toolchain/avr32/avr32-gnu-toolchain/bin/../lib/gcc/avr32/4.4.7/../../../../avr32/lib/ucr2\libc.a(lib_a-findfp.o)
                0x80005494                __sfmoreglue
 .text.__sfp    0x800054c4       0x7c c:/program files (x86)/atmel/studio/7.0/toolchain/avr32/avr32-gnu-toolchain/bin/../lib/gcc/avr32/4.4.7/../../../../avr32/lib/ucr2\libc.a(lib_a-findfp.o)
                0x800054c4                __sfp
 .text.__sinit  0x80005540       0xb0 c:/program files (x86)/atmel/studio/7.0/toolchain/avr32/avr32-gnu-toolchain/bin/../lib/gcc/avr32/4.4.7/../../../../avr32/lib/ucr2\libc.a(lib_a-findfp.o)
                0x80005540                __sinit
 .text._malloc_trim_r
                0x800055f0       0xa8 c:/program files (x86)/atmel/studio/7.0/toolchain/avr32/avr32-gnu-toolchain/bin/../lib/gcc/avr32/4.4.7/../../../../avr32/lib/ucr2\libc.a(lib_a-freer.o)
                0x800055f0                _malloc_trim_r
 .text._free_r  0x80005698      0x1a0 c:/program files (x86)/atmel/studio/7.0/toolchain/avr32/avr32-gnu-toolchain/bin/../lib/gcc/avr32/4.4.7/../../../../avr32/lib/ucr2\libc.a(lib_a-freer.o)
                0x80005698                _free_r
 .text._fwalk   0x80005838       0x54 c:/program files (x86)/atmel/studio/7.0/toolchain/avr32/avr32-gnu-toolchain/bin/../lib/gcc/avr32/4.4.7/../../../../avr32/lib/ucr2\libc.a(lib_a-fwalk.o)
                0x80005838                _fwalk
 .text.__sclose
                0x8000588c       0x10 c:/program files (x86)/atmel/studio/7.0/toolchain/avr32/avr32-gnu-toolchain/bin/../lib/gcc/avr32/4.4.7/../../../../avr32/lib/ucr2\libc.a(lib_a-stdio.o)
                0x8000588c                __sclose
 .text.__sseek  0x8000589c       0x28 c:/program files (x86)/atmel/studio/7.0/toolchain/avr32/avr32-gnu-toolchain/bin/../lib/gcc/avr32/4.4.7/../../../../avr32/lib/ucr2\libc.a(lib_a-stdio.o)
                0x8000589c                __sseek
 .text.__swrite
                0x800058c4       0x38 c:/program files (x86)/atmel/studio/7.0/toolchain/avr32/avr32-gnu-toolchain/bin/../lib/gcc/avr32/4.4.7/../../../../avr32/lib/ucr2\libc.a(lib_a-stdio.o)
                0x800058c4                __swrite
 .text.__sread  0x800058fc       0x24 c:/program files (x86)/atmel/studio/7.0/toolchain/avr32/avr32-gnu-toolchain/bin/../lib/gcc/avr32/4.4.7/../../../../avr32/lib/ucr2\libc.a(lib_a-stdio.o)
                0x800058fc                __sread
 .text._write_r
                0x80005920       0x2c c:/program files (x86)/atmel/studio/7.0/toolchain/avr32/avr32-gnu-toolchain/bin/../lib/gcc/avr32/4.4.7/../../../../avr32/lib/ucr2\libc.a(lib_a-writer.o)
                0x80005920                _write_r
 .text._close_r
                0x8000594c       0x28 c:/program files (x86)/atmel/studio/7.0/toolchain/avr32/avr32-gnu-toolchain/bin/../lib/gcc/avr32/4.4.7/../../../../avr32/lib/ucr2\libc.a(lib_a-closer.o)
                0x8000594c                _close_r
 .text._fclose_r
                0x80005974       0xd0 c:/program files (x86)/atmel/studio/7.0/toolchain/avr32/avr32-gnu-toolchain/bin/../lib/gcc/avr32/4.4.7/../../../../avr32/lib/ucr2\libc.a(lib_a-fclose.o)
                0x80005974                _fclose_r
 .text.fclose   0x80005a44       0x18 c:/program files (x86)/atmel/studio/7.0/toolchain/avr32/avr32-gnu-toolchain/bin/../lib/gcc/avr32/4.4.7/../../../../avr32/lib/ucr2\libc.a(lib_a-fclose.o)
                0x80005a44                fclose
 .text._lseek_r
                0x80005a5c       0x2c c:/program files (x86)/atmel/studio/7.0/toolchain/avr32/avr32-gnu-toolchain/bin/../lib/gcc/avr32/4.4.7/../../../../avr32/lib/ucr2\libc.a(lib_a-lseekr.o)
                0x80005a5c                _lseek_r
 .text._read_r  0x80005a88       0x2c c:/program files (x86)/atmel/studio/7.0/toolchain/avr32/avr32-gnu-toolchain/bin/../lib/gcc/avr32/4.4.7/../../../../avr32/lib/ucr2\libc.a(lib_a-readr.o)
                0x80005a88                _read_r
 .text          0x80005ab4       0x18 c:/program files (x86)/atmel/studio/7.0/toolchain/avr32/avr32-gnu-toolchain/bin/../lib/gcc/avr32/4.4.7/ucr2/crtend.o
 *(.text.*personality*)
 *(.gnu.warning)

.exception      0x80005c00      0x200
 .exception     0x80005c00      0x200 src/asf/thirdparty/freertos/source/portable/gcc/avr32_uc3/exception.o
                0x80005c00                _evba
                0x80005d3c                ipr_val

.fini           0x80005e00       0x18
 *(.fini)
 .fini          0x80005e00       0x10 c:/program files (x86)/atmel/studio/7.0/toolchain/avr32/avr32-gnu-toolchain/bin/../lib/gcc/avr32/4.4.7/ucr2/crti.o
                0x80005e00                _fini
 .fini          0x80005e10        0x4 c:/program files (x86)/atmel/studio/7.0/toolchain/avr32/avr32-gnu-toolchain/bin/../lib/gcc/avr32/4.4.7/ucr2/crtbegin.o
 .fini          0x80005e14        0x4 c:/program files (x86)/atmel/studio/7.0/toolchain/avr32/avr32-gnu-toolchain/bin/../lib/gcc/avr32/4.4.7/ucr2/crtn.o
                0x80005e18                PROVIDE (__etext, .)
                0x80005e18                PROVIDE (_etext, .)
                0x80005e18                PROVIDE (etext, .)

.rodata         0x80005e18      0x160
 *(.rodata .rodata.* .gnu.linkonce.r.*)
 .rodata._int_handler_table
                0x80005e18       0xf0 src/asf/avr32/drivers/intc/intc.o
 .rodata.str1.4
                0x80005f08        0x5 src/asf/thirdparty/freertos/source/tasks.o
                                  0x8 (size before relaxing)
 .rodata.str1.4
                0x00000000        0x5 src/main.o
                                  0x4 (size before relaxing)
 *fill*         0x80005f0d        0x3 
 .rodata.str1.4
                0x80005f10        0x4 c:/program files (x86)/atmel/studio/7.0/toolchain/avr32/avr32-gnu-toolchain/bin/../lib/gcc/avr32/4.4.7/../../../../avr32/lib/ucr2\libc.a(lib_a-impure.o)
 .rodata._global_impure_ptr
                0x80005f14        0x4 c:/program files (x86)/atmel/studio/7.0/toolchain/avr32/avr32-gnu-toolchain/bin/../lib/gcc/avr32/4.4.7/../../../../avr32/lib/ucr2\libc.a(lib_a-impure.o)
                0x80005f14                _global_impure_ptr
 .rodata.__sf_fake_stdin
                0x80005f18       0x20 c:/program files (x86)/atmel/studio/7.0/toolchain/avr32/avr32-gnu-toolchain/bin/../lib/gcc/avr32/4.4.7/../../../../avr32/lib/ucr2\libc.a(lib_a-findfp.o)
                0x80005f18                __sf_fake_stdin
 .rodata.__sf_fake_stdout
                0x80005f38       0x20 c:/program files (x86)/atmel/studio/7.0/toolchain/avr32/avr32-gnu-toolchain/bin/../lib/gcc/avr32/4.4.7/../../../../avr32/lib/ucr2\libc.a(lib_a-findfp.o)
                0x80005f38                __sf_fake_stdout
 .rodata.__sf_fake_stderr
                0x80005f58       0x20 c:/program files (x86)/atmel/studio/7.0/toolchain/avr32/avr32-gnu-toolchain/bin/../lib/gcc/avr32/4.4.7/../../../../avr32/lib/ucr2\libc.a(lib_a-findfp.o)
                0x80005f58                __sf_fake_stderr

.rodata1
 *(.rodata1)

.eh_frame_hdr
 *(.eh_frame_hdr)

.eh_frame
 *(.eh_frame)

.gcc_except_table
 *(.gcc_except_table)
 *(.gcc_except_table.*)

.lalign         0x80005f78        0x0
                0x80005f78                . = ALIGN (0x8)
                0x80005f78                PROVIDE (_data_lma, .)
                0x00000004                . = ORIGIN (INTRAM)

.dalign         0x00000004        0x4
                0x00000008                . = ALIGN (0x8)
 *fill*         0x00000004        0x4 
                0x00000008                PROVIDE (_data, .)

.eh_frame
 *(.eh_frame)

.gcc_except_table
 *(.gcc_except_table)
 *(.gcc_except_table.*)

.tdata
 *(.tdata .tdata.* .gnu.linkonce.td.*)

.tbss
 *(.tbss .tbss.* .gnu.linkonce.tb.*)
 *(.tcommon)
                0x00000008                PROVIDE (__preinit_array_start, ALIGN (0x4))

.preinit_array
 *(.preinit_array)
                0x00000008                PROVIDE (__preinit_array_end, .)
                0x00000008                PROVIDE (__init_array_start, .)

.init_array
 *(.init_array)
                0x00000008                PROVIDE (__init_array_end, .)
                0x00000008                PROVIDE (__fini_array_start, .)

.fini_array
 *(.fini_array)
                0x00000008                PROVIDE (__fini_array_end, .)

.ctors          0x00000008        0x8 load address 0x80005f78
 *crtbegin*.o(.ctors)
 .ctors         0x00000008        0x4 c:/program files (x86)/atmel/studio/7.0/toolchain/avr32/avr32-gnu-toolchain/bin/../lib/gcc/avr32/4.4.7/ucr2/crtbegin.o
 *(EXCLUDE_FILE(*crtend*.o) .ctors)
 *(SORT(.ctors.*))
 *(.ctors)
 .ctors         0x0000000c        0x4 c:/program files (x86)/atmel/studio/7.0/toolchain/avr32/avr32-gnu-toolchain/bin/../lib/gcc/avr32/4.4.7/ucr2/crtend.o

.dtors          0x00000010        0x8 load address 0x80005f80
 *crtbegin*.o(.dtors)
 .dtors         0x00000010        0x4 c:/program files (x86)/atmel/studio/7.0/toolchain/avr32/avr32-gnu-toolchain/bin/../lib/gcc/avr32/4.4.7/ucr2/crtbegin.o
 *(EXCLUDE_FILE(*crtend*.o) .dtors)
 *(SORT(.dtors.*))
 *(.dtors)
 .dtors         0x00000014        0x4 c:/program files (x86)/atmel/studio/7.0/toolchain/avr32/avr32-gnu-toolchain/bin/../lib/gcc/avr32/4.4.7/ucr2/crtend.o
                0x00000014                __DTOR_END__

.jcr            0x00000018        0x4 load address 0x80005f88
 *(.jcr)
 .jcr           0x00000018        0x0 c:/program files (x86)/atmel/studio/7.0/toolchain/avr32/avr32-gnu-toolchain/bin/../lib/gcc/avr32/4.4.7/ucr2/crtbegin.o
 .jcr           0x00000018        0x4 c:/program files (x86)/atmel/studio/7.0/toolchain/avr32/avr32-gnu-toolchain/bin/../lib/gcc/avr32/4.4.7/ucr2/crtend.o

.data.rel.ro
 *(.data.rel.ro.local)
 *(.data.rel.ro*)

.dynamic
 *(.dynamic)

.got            0x0000001c        0xc load address 0x80005f8c
 *(.got.plt)
 *(.got)
 .got           0x0000001c        0xc c:/program files (x86)/atmel/studio/7.0/toolchain/avr32/avr32-gnu-toolchain/bin/../lib/gcc/avr32/4.4.7/../../../../avr32/lib/ucr2/crt0.o
                0x0000001c                _GLOBAL_OFFSET_TABLE_

.ramtext
 *(.ramtext .ramtext.*)

.ddalign        0x00000028        0x0 load address 0x80005f98
                0x00000028                . = ALIGN (0x8)

.data           0x00000028      0x5d8 load address 0x80005f98
 *(.data .data.* .gnu.linkonce.d.*)
 .data.udi_api_cdc_data
                0x00000028       0x14 src/asf/common/services/usb/class/cdc/device/udi_cdc.o
                0x00000028                udi_api_cdc_data
 .data.udi_api_cdc_comm
                0x0000003c       0x14 src/asf/common/services/usb/class/cdc/device/udi_cdc.o
                0x0000003c                udi_api_cdc_comm
 .data.uid_cdc_state_msg
                0x00000050        0xc src/asf/common/services/usb/class/cdc/device/udi_cdc.o
 .data.udc_desc
                0x0000005c       0x44 src/asf/common/services/usb/class/cdc/device/udi_cdc_desc.o
                0x0000005c                udc_desc
 .data.udc_config_fshs
                0x000000a0        0x8 src/asf/common/services/usb/class/cdc/device/udi_cdc_desc.o
                0x000000a0                udc_config_fshs
 .data.udi_apis
                0x000000a8        0x8 src/asf/common/services/usb/class/cdc/device/udi_cdc_desc.o
                0x000000a8                udi_apis
 .data.udc_config
                0x000000b0        0x8 src/asf/common/services/usb/class/cdc/device/udi_cdc_desc.o
                0x000000b0                udc_config
 .data.udc_device_desc
                0x000000b8       0x14 src/asf/common/services/usb/class/cdc/device/udi_cdc_desc.o
                0x000000b8                udc_device_desc
 .data.udc_string_product_name
                0x000000cc        0x4 src/asf/common/services/usb/udc/udc.o
 .data.udc_string_manufacturer_name
                0x000000d0        0xc src/asf/common/services/usb/udc/udc.o
 .data.udc_string_desc
                0x000000dc       0x14 src/asf/common/services/usb/udc/udc.o
 .data.udc_string_desc_languageid
                0x000000f0        0x4 src/asf/common/services/usb/udc/udc.o
 .data.ulCriticalNesting
                0x000000f4        0x4 src/asf/thirdparty/freertos/source/portable/gcc/avr32_uc3/port.o
                0x000000f4                ulCriticalNesting
 .data.xNextTaskUnblockTime
                0x000000f8        0x4 src/asf/thirdparty/freertos/source/tasks.o
 .data.impure_data
                0x000000fc       0xf0 c:/program files (x86)/atmel/studio/7.0/toolchain/avr32/avr32-gnu-toolchain/bin/../lib/gcc/avr32/4.4.7/../../../../avr32/lib/ucr2\libc.a(lib_a-impure.o)
 .data._impure_ptr
                0x000001ec        0x4 c:/program files (x86)/atmel/studio/7.0/toolchain/avr32/avr32-gnu-toolchain/bin/../lib/gcc/avr32/4.4.7/../../../../avr32/lib/ucr2\libc.a(lib_a-impure.o)
                0x000001ec                _impure_ptr
 .data.__malloc_av_
                0x000001f0      0x408 c:/program files (x86)/atmel/studio/7.0/toolchain/avr32/avr32-gnu-toolchain/bin/../lib/gcc/avr32/4.4.7/../../../../avr32/lib/ucr2\libc.a(lib_a-mallocr.o)
                0x000001f0                __malloc_av_
 .data.__malloc_trim_threshold
                0x000005f8        0x4 c:/program files (x86)/atmel/studio/7.0/toolchain/avr32/avr32-gnu-toolchain/bin/../lib/gcc/avr32/4.4.7/../../../../avr32/lib/ucr2\libc.a(lib_a-mallocr.o)
                0x000005f8                __malloc_trim_threshold
 .data.__malloc_sbrk_base
                0x000005fc        0x4 c:/program files (x86)/atmel/studio/7.0/toolchain/avr32/avr32-gnu-toolchain/bin/../lib/gcc/avr32/4.4.7/../../../../avr32/lib/ucr2\libc.a(lib_a-mallocr.o)
                0x000005fc                __malloc_sbrk_base
 *(.gnu.linkonce.d.*personality*)

.data1
 *(.data1)

.balign         0x00000600        0x0 load address 0x80006570
                0x00000600                . = ALIGN (0x8)
                0x00000600                PROVIDE (_edata, .)
                0x00000600                PROVIDE (edata, .)
                0x00000600                __bss_start = .

.bss            0x00000600      0x430
 *(.dynbss)
 *(.bss .bss.* .gnu.linkonce.b.*)
 .bss           0x00000600        0x8 c:/program files (x86)/atmel/studio/7.0/toolchain/avr32/avr32-gnu-toolchain/bin/../lib/gcc/avr32/4.4.7/ucr2/crtbegin.o
 .bss._int_line_handler_table_0
                0x00000608        0x4 src/asf/avr32/drivers/intc/intc.o
 .bss._int_line_handler_table_1
                0x0000060c       0x28 src/asf/avr32/drivers/intc/intc.o
 .bss._int_line_handler_table_2
                0x00000634       0x38 src/asf/avr32/drivers/intc/intc.o
 .bss._int_line_handler_table_21
                0x0000066c        0x4 src/asf/avr32/drivers/intc/intc.o
 .bss._int_line_handler_table_22
                0x00000670       0x14 src/asf/avr32/drivers/intc/intc.o
 .bss._int_line_handler_table_23
                0x00000684        0x4 src/asf/avr32/drivers/intc/intc.o
 .bss._int_line_handler_table_16
                0x00000688        0xc src/asf/avr32/drivers/intc/intc.o
 .bss._int_line_handler_table_10
                0x00000694        0x4 src/asf/avr32/drivers/intc/intc.o
 .bss._int_line_handler_table_11
                0x00000698        0x4 src/asf/avr32/drivers/intc/intc.o
 .bss._int_line_handler_table_12
                0x0000069c        0x4 src/asf/avr32/drivers/intc/intc.o
 .bss._int_line_handler_table_13
                0x000006a0        0x4 src/asf/avr32/drivers/intc/intc.o
 .bss._int_line_handler_table_14
                0x000006a4        0xc src/asf/avr32/drivers/intc/intc.o
 .bss._int_line_handler_table_15
                0x000006b0        0x4 src/asf/avr32/drivers/intc/intc.o
 .bss._int_line_handler_table_20
                0x000006b4        0x4 src/asf/avr32/drivers/intc/intc.o
 .bss._int_line_handler_table_17
                0x000006b8        0x4 src/asf/avr32/drivers/intc/intc.o
 .bss._int_line_handler_table_18
                0x000006bc        0x4 src/asf/avr32/drivers/intc/intc.o
 .bss._int_line_handler_table_19
                0x000006c0        0x4 src/asf/avr32/drivers/intc/intc.o
 .bss._int_line_handler_table_3
                0x000006c4       0x20 src/asf/avr32/drivers/intc/intc.o
 .bss._int_line_handler_table_4
                0x000006e4        0x4 src/asf/avr32/drivers/intc/intc.o
 .bss._int_line_handler_table_5
                0x000006e8        0x4 src/asf/avr32/drivers/intc/intc.o
 .bss._int_line_handler_table_6
                0x000006ec        0x4 src/asf/avr32/drivers/intc/intc.o
 .bss._int_line_handler_table_7
                0x000006f0        0x4 src/asf/avr32/drivers/intc/intc.o
 .bss._int_line_handler_table_8
                0x000006f4        0x4 src/asf/avr32/drivers/intc/intc.o
 .bss._int_line_handler_table_9
                0x000006f8        0x4 src/asf/avr32/drivers/intc/intc.o
 .bss._int_line_handler_table_24
                0x000006fc        0x4 src/asf/avr32/drivers/intc/intc.o
 .bss._int_line_handler_table_26
                0x00000700        0x4 src/asf/avr32/drivers/intc/intc.o
 .bss._int_line_handler_table_25
                0x00000704        0x4 src/asf/avr32/drivers/intc/intc.o
 .bss._int_line_handler_table_27
                0x00000708        0x4 src/asf/avr32/drivers/intc/intc.o
 .bss._int_line_handler_table_28
                0x0000070c        0x4 src/asf/avr32/drivers/intc/intc.o
 .bss._int_line_handler_table_29
                0x00000710        0x4 src/asf/avr32/drivers/intc/intc.o
 .bss.udd_ctrl_prev_payload_nb_trans
                0x00000714        0x2 src/asf/avr32/drivers/usbb/usbb_device.o
 *fill*         0x00000716        0x2 
 .bss.udd_ep_job
                0x00000718       0x30 src/asf/avr32/drivers/usbb/usbb_device.o
 .bss.udd_b_idle
                0x00000748        0x1 src/asf/avr32/drivers/usbb/usbb_device.o
 *fill*         0x00000749        0x1 
 .bss.udd_ctrl_payload_nb_trans
                0x0000074a        0x2 src/asf/avr32/drivers/usbb/usbb_device.o
 .bss.udd_ep_control_state
                0x0000074c        0x4 src/asf/avr32/drivers/usbb/usbb_device.o
 .bss.udd_ctrl_payload_need_in_zlp
                0x00000750        0x1 src/asf/avr32/drivers/usbb/usbb_device.o
 *fill*         0x00000751        0x3 
 .bss.sysclk_bus_refcount
                0x00000754        0x4 src/asf/common/services/clock/uc3a3_a4/sysclk.o
 .bss.udi_cdc_line_coding
                0x00000758        0x7 src/asf/common/services/usb/class/cdc/device/udi_cdc.o
 .bss.udi_cdc_tx_buf_sel
                0x0000075f        0x1 src/asf/common/services/usb/class/cdc/device/udi_cdc.o
 .bss.udi_cdc_tx_buf_nb
                0x00000760        0x4 src/asf/common/services/usb/class/cdc/device/udi_cdc.o
 .bss.udi_cdc_tx_buf
                0x00000764       0x80 src/asf/common/services/usb/class/cdc/device/udi_cdc.o
 .bss.udi_cdc_rx_buf_nb
                0x000007e4        0x4 src/asf/common/services/usb/class/cdc/device/udi_cdc.o
 .bss.udi_cdc_rx_pos
                0x000007e8        0x2 src/asf/common/services/usb/class/cdc/device/udi_cdc.o
 .bss.udi_cdc_tx_sof_num
                0x000007ea        0x2 src/asf/common/services/usb/class/cdc/device/udi_cdc.o
 .bss.udi_cdc_rx_buf_sel
                0x000007ec        0x1 src/asf/common/services/usb/class/cdc/device/udi_cdc.o
 .bss.udi_cdc_running
                0x000007ed        0x1 src/asf/common/services/usb/class/cdc/device/udi_cdc.o
 .bss.udi_cdc_tx_trans_ongoing
                0x000007ee        0x1 src/asf/common/services/usb/class/cdc/device/udi_cdc.o
 *fill*         0x000007ef        0x1 
 .bss.udi_cdc_rx_buf
                0x000007f0       0x80 src/asf/common/services/usb/class/cdc/device/udi_cdc.o
 .bss.udi_cdc_rx_trans_ongoing
                0x00000870        0x1 src/asf/common/services/usb/class/cdc/device/udi_cdc.o
 .bss.udi_cdc_tx_both_buf_to_send
                0x00000871        0x1 src/asf/common/services/usb/class/cdc/device/udi_cdc.o
 .bss.udi_cdc_state
                0x00000872        0x2 src/asf/common/services/usb/class/cdc/device/udi_cdc.o
 .bss.udc_iface_setting.14245
                0x00000874        0x1 src/asf/common/services/usb/udc/udc.o
 *fill*         0x00000875        0x3 
 .bss.udc_ptr_conf
                0x00000878        0x4 src/asf/common/services/usb/udc/udc.o
 .bss.udc_device_status
                0x0000087c        0x2 src/asf/common/services/usb/udc/udc.o
 .bss.udc_num_configuration
                0x0000087e        0x1 src/asf/common/services/usb/udc/udc.o
 *fill*         0x0000087f        0x1 
 .bss.udc_ep_status.14041
                0x00000880        0x2 src/asf/common/services/usb/udc/udc.o
 *fill*         0x00000882        0x2 
 .bss.udc_ptr_iface
                0x00000884        0x4 src/asf/common/services/usb/udc/udc.o
 .bss.stdio_usb_interface_enable
                0x00000888        0x1 src/asf/common/utils/stdio/stdio_usb/stdio_usb.o
 *fill*         0x00000889        0x3 
 .bss.uxMissedTicks
                0x0000088c        0x4 src/asf/thirdparty/freertos/source/tasks.o
 .bss.uxTopUsedPriority
                0x00000890        0x4 src/asf/thirdparty/freertos/source/tasks.o
 .bss.pxDelayedTaskList
                0x00000894        0x4 src/asf/thirdparty/freertos/source/tasks.o
 .bss.xSchedulerRunning
                0x00000898        0x4 src/asf/thirdparty/freertos/source/tasks.o
 .bss.uxTasksDeleted
                0x0000089c        0x4 src/asf/thirdparty/freertos/source/tasks.o
 .bss.xNumOfOverflows
                0x000008a0        0x4 src/asf/thirdparty/freertos/source/tasks.o
 .bss.pxOverflowDelayedTaskList
                0x000008a4        0x4 src/asf/thirdparty/freertos/source/tasks.o
 .bss.pxReadyTasksLists
                0x000008a8       0xa0 src/asf/thirdparty/freertos/source/tasks.o
 .bss.xTasksWaitingTermination
                0x00000948       0x14 src/asf/thirdparty/freertos/source/tasks.o
 .bss.pxCurrentTCB
                0x0000095c        0x4 src/asf/thirdparty/freertos/source/tasks.o
                0x0000095c                pxCurrentTCB
 .bss.xPendingReadyList
                0x00000960       0x14 src/asf/thirdparty/freertos/source/tasks.o
 .bss.xDelayedTaskList1
                0x00000974       0x14 src/asf/thirdparty/freertos/source/tasks.o
 .bss.xTickCount
                0x00000988        0x4 src/asf/thirdparty/freertos/source/tasks.o
 .bss.uxSchedulerSuspended
                0x0000098c        0x4 src/asf/thirdparty/freertos/source/tasks.o
 .bss.xDelayedTaskList2
                0x00000990       0x14 src/asf/thirdparty/freertos/source/tasks.o
 .bss.uxTaskNumber
                0x000009a4        0x4 src/asf/thirdparty/freertos/source/tasks.o
 .bss.uxCurrentNumberOfTasks
                0x000009a8        0x4 src/asf/thirdparty/freertos/source/tasks.o
 .bss.xMissedYield
                0x000009ac        0x4 src/asf/thirdparty/freertos/source/tasks.o
 .bss.xSuspendedTaskList
                0x000009b0       0x14 src/asf/thirdparty/freertos/source/tasks.o
 .bss.uxTopReadyPriority
                0x000009c4        0x4 src/asf/thirdparty/freertos/source/tasks.o
 .bss.__malloc_max_total_mem
                0x000009c8        0x4 c:/program files (x86)/atmel/studio/7.0/toolchain/avr32/avr32-gnu-toolchain/bin/../lib/gcc/avr32/4.4.7/../../../../avr32/lib/ucr2\libc.a(lib_a-mallocr.o)
                0x000009c8                __malloc_max_total_mem
 .bss.__malloc_max_sbrked_mem
                0x000009cc        0x4 c:/program files (x86)/atmel/studio/7.0/toolchain/avr32/avr32-gnu-toolchain/bin/../lib/gcc/avr32/4.4.7/../../../../avr32/lib/ucr2\libc.a(lib_a-mallocr.o)
                0x000009cc                __malloc_max_sbrked_mem
 .bss.__malloc_top_pad
                0x000009d0        0x4 c:/program files (x86)/atmel/studio/7.0/toolchain/avr32/avr32-gnu-toolchain/bin/../lib/gcc/avr32/4.4.7/../../../../avr32/lib/ucr2\libc.a(lib_a-mallocr.o)
                0x000009d0                __malloc_top_pad
 .bss.__malloc_current_mallinfo
                0x000009d4       0x28 c:/program files (x86)/atmel/studio/7.0/toolchain/avr32/avr32-gnu-toolchain/bin/../lib/gcc/avr32/4.4.7/../../../../avr32/lib/ucr2\libc.a(lib_a-mallocr.o)
                0x000009d4                __malloc_current_mallinfo
 .bss.cur_heap_pos.1869
                0x000009fc        0x4 c:/program files (x86)/atmel/studio/7.0/toolchain/avr32/avr32-gnu-toolchain/bin/../lib/gcc/avr32/4.4.7/../../../../avr32/lib/ucr2\libc.a(lib_a-syscalls.o)
 *(COMMON)
 COMMON         0x00000a00       0x18 src/asf/avr32/drivers/usbb/usbb_device.o
                0x00000a00                udd_g_ctrlreq
 COMMON         0x00000a18        0x7 src/asf/common/services/sleepmgr/uc3/sleepmgr.o
                0x00000a18                sleepmgr_locks
 *fill*         0x00000a1f        0x1 
 COMMON         0x00000a20        0x4 src/asf/common/utils/stdio/read.o
                0x00000a20                ptr_get
 COMMON         0x00000a24        0x8 src/asf/common/utils/stdio/write.o
                0x00000a24                ptr_put
                0x00000a28                stdio_base
 COMMON         0x00000a2c        0x4 c:/program files (x86)/atmel/studio/7.0/toolchain/avr32/avr32-gnu-toolchain/bin/../lib/gcc/avr32/4.4.7/../../../../avr32/lib/ucr2\libc.a(lib_a-reent.o)
                0x00000a2c                errno
                0x00000a30                . = ALIGN (0x8)
                0x00000a30                . = ALIGN (0x8)
                0x00000a30                _end = .
                0x00000a30                PROVIDE (end, .)
                0x00000a30                __heap_start__ = ALIGN (0x8)

.heap           0x00000a30     0xe5d0
 *(.heap)
                0x0000e5d0                . = (__heap_size__ == __max_heap_size__)?(((ORIGIN (INTRAM) + 0xfffc) - __stack_size__) - ABSOLUTE (.)):__heap_size__
 *fill*         0x00000a30     0xe5d0 
                0x0000f000                __heap_end__ = .

.stab
 *(.stab)

.stabstr
 *(.stabstr)

.stab.excl
 *(.stab.excl)

.stab.exclstr
 *(.stab.exclstr)

.stab.index
 *(.stab.index)

.stab.indexstr
 *(.stab.indexstr)

.comment        0x00000000       0x30
 *(.comment)
 .comment       0x00000000       0x30 c:/program files (x86)/atmel/studio/7.0/toolchain/avr32/avr32-gnu-toolchain/bin/../lib/gcc/avr32/4.4.7/ucr2/crtbegin.o
                                 0x31 (size before relaxing)
 .comment       0x00000000       0x31 src/asf/avr32/boards/uc3_a3_xplained/init.o
 .comment       0x00000000       0x31 src/asf/avr32/drivers/gpio/gpio.o
 .comment       0x00000000       0x31 src/asf/avr32/drivers/intc/intc.o
 .comment       0x00000000       0x31 src/asf/avr32/drivers/pm/pm.o
 .comment       0x00000000       0x31 src/asf/avr32/drivers/pm/power_clocks_lib.o
 .comment       0x00000000       0x31 src/asf/avr32/drivers/usbb/usbb_device.o
 .comment       0x00000000       0x31 src/asf/common/services/clock/uc3a3_a4/sysclk.o
 .comment       0x00000000       0x31 src/asf/common/services/sleepmgr/uc3/sleepmgr.o
 .comment       0x00000000       0x31 src/asf/common/services/usb/class/cdc/device/udi_cdc.o
 .comment       0x00000000       0x31 src/asf/common/services/usb/class/cdc/device/udi_cdc_desc.o
 .comment       0x00000000       0x31 src/asf/common/services/usb/udc/udc.o
 .comment       0x00000000       0x31 src/asf/common/utils/stdio/read.o
 .comment       0x00000000       0x31 src/asf/common/utils/stdio/stdio_usb/stdio_usb.o
 .comment       0x00000000       0x31 src/asf/common/utils/stdio/write.o
 .comment       0x00000000       0x31 src/asf/thirdparty/freertos/source/list.o
 .comment       0x00000000       0x31 src/asf/thirdparty/freertos/source/portable/gcc/avr32_uc3/port.o
 .comment       0x00000000       0x31 src/asf/thirdparty/freertos/source/portable/memmang/heap_3.o
 .comment       0x00000000       0x31 src/asf/thirdparty/freertos/source/tasks.o
 .comment       0x00000000       0x31 src/main.o
 .comment       0x00000000       0x31 c:/program files (x86)/atmel/studio/7.0/toolchain/avr32/avr32-gnu-toolchain/bin/../lib/gcc/avr32/4.4.7/../../../../avr32/lib/ucr2\libc.a(lib_a-atexit.o)
 .comment       0x00000000       0x31 c:/program files (x86)/atmel/studio/7.0/toolchain/avr32/avr32-gnu-toolchain/bin/../lib/gcc/avr32/4.4.7/../../../../avr32/lib/ucr2\libc.a(lib_a-exit.o)
 .comment       0x00000000       0x31 c:/program files (x86)/atmel/studio/7.0/toolchain/avr32/avr32-gnu-toolchain/bin/../lib/gcc/avr32/4.4.7/../../../../avr32/lib/ucr2\libc.a(lib_a-impure.o)
 .comment       0x00000000       0x31 c:/program files (x86)/atmel/studio/7.0/toolchain/avr32/avr32-gnu-toolchain/bin/../lib/gcc/avr32/4.4.7/../../../../avr32/lib/ucr2\libc.a(lib_a-malloc.o)
 .comment       0x00000000       0x31 c:/program files (x86)/atmel/studio/7.0/toolchain/avr32/avr32-gnu-toolchain/bin/../lib/gcc/avr32/4.4.7/../../../../avr32/lib/ucr2\libc.a(lib_a-mallocr.o)
 .comment       0x00000000       0x31 c:/program files (x86)/atmel/studio/7.0/toolchain/avr32/avr32-gnu-toolchain/bin/../lib/gcc/avr32/4.4.7/../../../../avr32/lib/ucr2\libc.a(lib_a-memset.o)
 .comment       0x00000000       0x31 c:/program files (x86)/atmel/studio/7.0/toolchain/avr32/avr32-gnu-toolchain/bin/../lib/gcc/avr32/4.4.7/../../../../avr32/lib/ucr2\libc.a(lib_a-sbrkr.o)
 .comment       0x00000000       0x31 c:/program files (x86)/atmel/studio/7.0/toolchain/avr32/avr32-gnu-toolchain/bin/../lib/gcc/avr32/4.4.7/../../../../avr32/lib/ucr2\libc.a(lib_a-setbuf.o)
 .comment       0x00000000       0x31 c:/program files (x86)/atmel/studio/7.0/toolchain/avr32/avr32-gnu-toolchain/bin/../lib/gcc/avr32/4.4.7/../../../../avr32/lib/ucr2\libc.a(lib_a-setvbuf.o)
 .comment       0x00000000       0x31 c:/program files (x86)/atmel/studio/7.0/toolchain/avr32/avr32-gnu-toolchain/bin/../lib/gcc/avr32/4.4.7/../../../../avr32/lib/ucr2\libc.a(lib_a-syscalls.o)
 .comment       0x00000000       0x31 c:/program files (x86)/atmel/studio/7.0/toolchain/avr32/avr32-gnu-toolchain/bin/../lib/gcc/avr32/4.4.7/../../../../avr32/lib/ucr2\libc.a(lib_a-__atexit.o)
 .comment       0x00000000       0x31 c:/program files (x86)/atmel/studio/7.0/toolchain/avr32/avr32-gnu-toolchain/bin/../lib/gcc/avr32/4.4.7/../../../../avr32/lib/ucr2\libc.a(lib_a-__call_atexit.o)
 .comment       0x00000000       0x31 c:/program files (x86)/atmel/studio/7.0/toolchain/avr32/avr32-gnu-toolchain/bin/../lib/gcc/avr32/4.4.7/../../../../avr32/lib/ucr2\libc.a(lib_a-errno.o)
 .comment       0x00000000       0x31 c:/program files (x86)/atmel/studio/7.0/toolchain/avr32/avr32-gnu-toolchain/bin/../lib/gcc/avr32/4.4.7/../../../../avr32/lib/ucr2\libc.a(lib_a-fflush.o)
 .comment       0x00000000       0x31 c:/program files (x86)/atmel/studio/7.0/toolchain/avr32/avr32-gnu-toolchain/bin/../lib/gcc/avr32/4.4.7/../../../../avr32/lib/ucr2\libc.a(lib_a-findfp.o)
 .comment       0x00000000       0x31 c:/program files (x86)/atmel/studio/7.0/toolchain/avr32/avr32-gnu-toolchain/bin/../lib/gcc/avr32/4.4.7/../../../../avr32/lib/ucr2\libc.a(lib_a-freer.o)
 .comment       0x00000000       0x31 c:/program files (x86)/atmel/studio/7.0/toolchain/avr32/avr32-gnu-toolchain/bin/../lib/gcc/avr32/4.4.7/../../../../avr32/lib/ucr2\libc.a(lib_a-fwalk.o)
 .comment       0x00000000       0x31 c:/program files (x86)/atmel/studio/7.0/toolchain/avr32/avr32-gnu-toolchain/bin/../lib/gcc/avr32/4.4.7/../../../../avr32/lib/ucr2\libc.a(lib_a-reent.o)
 .comment       0x00000000       0x31 c:/program files (x86)/atmel/studio/7.0/toolchain/avr32/avr32-gnu-toolchain/bin/../lib/gcc/avr32/4.4.7/../../../../avr32/lib/ucr2\libc.a(lib_a-stdio.o)
 .comment       0x00000000       0x31 c:/program files (x86)/atmel/studio/7.0/toolchain/avr32/avr32-gnu-toolchain/bin/../lib/gcc/avr32/4.4.7/../../../../avr32/lib/ucr2\libc.a(lib_a-writer.o)
 .comment       0x00000000       0x31 c:/program files (x86)/atmel/studio/7.0/toolchain/avr32/avr32-gnu-toolchain/bin/../lib/gcc/avr32/4.4.7/../../../../avr32/lib/ucr2\libc.a(lib_a-closer.o)
 .comment       0x00000000       0x31 c:/program files (x86)/atmel/studio/7.0/toolchain/avr32/avr32-gnu-toolchain/bin/../lib/gcc/avr32/4.4.7/../../../../avr32/lib/ucr2\libc.a(lib_a-fclose.o)
 .comment       0x00000000       0x31 c:/program files (x86)/atmel/studio/7.0/toolchain/avr32/avr32-gnu-toolchain/bin/../lib/gcc/avr32/4.4.7/../../../../avr32/lib/ucr2\libc.a(lib_a-lseekr.o)
 .comment       0x00000000       0x31 c:/program files (x86)/atmel/studio/7.0/toolchain/avr32/avr32-gnu-toolchain/bin/../lib/gcc/avr32/4.4.7/../../../../avr32/lib/ucr2\libc.a(lib_a-readr.o)
 .comment       0x00000000       0x31 c:/program files (x86)/atmel/studio/7.0/toolchain/avr32/avr32-gnu-toolchain/bin/../lib/gcc/avr32/4.4.7/ucr2/crtend.o

.debug
 *(.debug)

.line
 *(.line)

.debug_srcinfo
 *(.debug_srcinfo)

.debug_sfnames
 *(.debug_sfnames)

.debug_aranges  0x00000000      0xcd8
 *(.debug_aranges)
 .debug_aranges
                0x00000000       0x20 src/asf/avr32/boards/uc3_a3_xplained/init.o
 .debug_aranges
                0x00000020      0x100 src/asf/avr32/drivers/gpio/gpio.o
 .debug_aranges
                0x00000120       0x38 src/asf/avr32/drivers/intc/intc.o
 .debug_aranges
                0x00000158      0x190 src/asf/avr32/drivers/pm/pm.o
 .debug_aranges
                0x000002e8       0x40 src/asf/avr32/drivers/pm/power_clocks_lib.o
 .debug_aranges
                0x00000328      0x108 src/asf/avr32/drivers/usbb/usbb_device.o
 .debug_aranges
                0x00000430       0x50 src/asf/common/services/clock/uc3a3_a4/sysclk.o
 .debug_aranges
                0x00000480       0xf0 src/asf/common/services/usb/class/cdc/device/udi_cdc.o
 .debug_aranges
                0x00000570       0x68 src/asf/common/services/usb/udc/udc.o
 .debug_aranges
                0x000005d8       0x20 src/asf/common/utils/stdio/read.o
 .debug_aranges
                0x000005f8       0x48 src/asf/common/utils/stdio/stdio_usb/stdio_usb.o
 .debug_aranges
                0x00000640       0x20 src/asf/common/utils/stdio/write.o
 .debug_aranges
                0x00000660       0x40 src/asf/thirdparty/freertos/source/list.o
 .debug_aranges
                0x000006a0       0x78 src/asf/thirdparty/freertos/source/portable/gcc/avr32_uc3/port.o
 .debug_aranges
                0x00000718       0x28 src/asf/thirdparty/freertos/source/portable/memmang/heap_3.o
 .debug_aranges
                0x00000740       0xf0 src/asf/thirdparty/freertos/source/tasks.o
 .debug_aranges
                0x00000830       0x40 src/main.o
 .debug_aranges
                0x00000870       0x20 c:/program files (x86)/atmel/studio/7.0/toolchain/avr32/avr32-gnu-toolchain/bin/../lib/gcc/avr32/4.4.7/../../../../avr32/lib/ucr2\libc.a(lib_a-atexit.o)
 .debug_aranges
                0x00000890       0x20 c:/program files (x86)/atmel/studio/7.0/toolchain/avr32/avr32-gnu-toolchain/bin/../lib/gcc/avr32/4.4.7/../../../../avr32/lib/ucr2\libc.a(lib_a-exit.o)
 .debug_aranges
                0x000008b0       0x28 c:/program files (x86)/atmel/studio/7.0/toolchain/avr32/avr32-gnu-toolchain/bin/../lib/gcc/avr32/4.4.7/../../../../avr32/lib/ucr2\libc.a(lib_a-malloc.o)
 .debug_aranges
                0x000008d8       0x20 c:/program files (x86)/atmel/studio/7.0/toolchain/avr32/avr32-gnu-toolchain/bin/../lib/gcc/avr32/4.4.7/../../../../avr32/lib/ucr2\libc.a(lib_a-mallocr.o)
 .debug_aranges
                0x000008f8       0x20 c:/program files (x86)/atmel/studio/7.0/toolchain/avr32/avr32-gnu-toolchain/bin/../lib/gcc/avr32/4.4.7/../../../../avr32/lib/ucr2\libc.a(lib_a-memset.o)
 .debug_aranges
                0x00000918       0x20 c:/program files (x86)/atmel/studio/7.0/toolchain/avr32/avr32-gnu-toolchain/bin/../lib/gcc/avr32/4.4.7/../../../../avr32/lib/ucr2\libc.a(lib_a-sbrkr.o)
 .debug_aranges
                0x00000938       0x20 c:/program files (x86)/atmel/studio/7.0/toolchain/avr32/avr32-gnu-toolchain/bin/../lib/gcc/avr32/4.4.7/../../../../avr32/lib/ucr2\libc.a(lib_a-setbuf.o)
 .debug_aranges
                0x00000958       0x20 c:/program files (x86)/atmel/studio/7.0/toolchain/avr32/avr32-gnu-toolchain/bin/../lib/gcc/avr32/4.4.7/../../../../avr32/lib/ucr2\libc.a(lib_a-setvbuf.o)
 .debug_aranges
                0x00000978       0xf8 c:/program files (x86)/atmel/studio/7.0/toolchain/avr32/avr32-gnu-toolchain/bin/../lib/gcc/avr32/4.4.7/../../../../avr32/lib/ucr2\libc.a(lib_a-syscalls.o)
 .debug_aranges
                0x00000a70       0x20 c:/program files (x86)/atmel/studio/7.0/toolchain/avr32/avr32-gnu-toolchain/bin/../lib/gcc/avr32/4.4.7/../../../../avr32/lib/ucr2\libc.a(lib_a-__atexit.o)
 .debug_aranges
                0x00000a90       0x20 c:/program files (x86)/atmel/studio/7.0/toolchain/avr32/avr32-gnu-toolchain/bin/../lib/gcc/avr32/4.4.7/../../../../avr32/lib/ucr2\libc.a(lib_a-__call_atexit.o)
 .debug_aranges
                0x00000ab0       0x20 c:/program files (x86)/atmel/studio/7.0/toolchain/avr32/avr32-gnu-toolchain/bin/../lib/gcc/avr32/4.4.7/../../../../avr32/lib/ucr2\libc.a(lib_a-errno.o)
 .debug_aranges
                0x00000ad0       0x28 c:/program files (x86)/atmel/studio/7.0/toolchain/avr32/avr32-gnu-toolchain/bin/../lib/gcc/avr32/4.4.7/../../../../avr32/lib/ucr2\libc.a(lib_a-fflush.o)
 .debug_aranges
                0x00000af8       0x80 c:/program files (x86)/atmel/studio/7.0/toolchain/avr32/avr32-gnu-toolchain/bin/../lib/gcc/avr32/4.4.7/../../../../avr32/lib/ucr2\libc.a(lib_a-findfp.o)
 .debug_aranges
                0x00000b78       0x28 c:/program files (x86)/atmel/studio/7.0/toolchain/avr32/avr32-gnu-toolchain/bin/../lib/gcc/avr32/4.4.7/../../../../avr32/lib/ucr2\libc.a(lib_a-freer.o)
 .debug_aranges
                0x00000ba0       0x28 c:/program files (x86)/atmel/studio/7.0/toolchain/avr32/avr32-gnu-toolchain/bin/../lib/gcc/avr32/4.4.7/../../../../avr32/lib/ucr2\libc.a(lib_a-fwalk.o)
 .debug_aranges
                0x00000bc8       0x30 c:/program files (x86)/atmel/studio/7.0/toolchain/avr32/avr32-gnu-toolchain/bin/../lib/gcc/avr32/4.4.7/../../../../avr32/lib/ucr2\libc.a(lib_a-reent.o)
 .debug_aranges
                0x00000bf8       0x38 c:/program files (x86)/atmel/studio/7.0/toolchain/avr32/avr32-gnu-toolchain/bin/../lib/gcc/avr32/4.4.7/../../../../avr32/lib/ucr2\libc.a(lib_a-stdio.o)
 .debug_aranges
                0x00000c30       0x20 c:/program files (x86)/atmel/studio/7.0/toolchain/avr32/avr32-gnu-toolchain/bin/../lib/gcc/avr32/4.4.7/../../../../avr32/lib/ucr2\libc.a(lib_a-writer.o)
 .debug_aranges
                0x00000c50       0x20 c:/program files (x86)/atmel/studio/7.0/toolchain/avr32/avr32-gnu-toolchain/bin/../lib/gcc/avr32/4.4.7/../../../../avr32/lib/ucr2\libc.a(lib_a-closer.o)
 .debug_aranges
                0x00000c70       0x28 c:/program files (x86)/atmel/studio/7.0/toolchain/avr32/avr32-gnu-toolchain/bin/../lib/gcc/avr32/4.4.7/../../../../avr32/lib/ucr2\libc.a(lib_a-fclose.o)
 .debug_aranges
                0x00000c98       0x20 c:/program files (x86)/atmel/studio/7.0/toolchain/avr32/avr32-gnu-toolchain/bin/../lib/gcc/avr32/4.4.7/../../../../avr32/lib/ucr2\libc.a(lib_a-lseekr.o)
 .debug_aranges
                0x00000cb8       0x20 c:/program files (x86)/atmel/studio/7.0/toolchain/avr32/avr32-gnu-toolchain/bin/../lib/gcc/avr32/4.4.7/../../../../avr32/lib/ucr2\libc.a(lib_a-readr.o)

.debug_pubnames
                0x00000000     0x19df
 *(.debug_pubnames)
 .debug_pubnames
                0x00000000       0x21 src/asf/avr32/boards/uc3_a3_xplained/init.o
 .debug_pubnames
                0x00000021      0x330 src/asf/avr32/drivers/gpio/gpio.o
 .debug_pubnames
                0x00000351       0x62 src/asf/avr32/drivers/intc/intc.o
 .debug_pubnames
                0x000003b3      0x3ee src/asf/avr32/drivers/pm/pm.o
 .debug_pubnames
                0x000007a1       0x82 src/asf/avr32/drivers/pm/power_clocks_lib.o
 .debug_pubnames
                0x00000823      0x1c1 src/asf/avr32/drivers/usbb/usbb_device.o
 .debug_pubnames
                0x000009e4       0xc7 src/asf/common/services/clock/uc3a3_a4/sysclk.o
 .debug_pubnames
                0x00000aab       0x25 src/asf/common/services/sleepmgr/uc3/sleepmgr.o
 .debug_pubnames
                0x00000ad0      0x283 src/asf/common/services/usb/class/cdc/device/udi_cdc.o
 .debug_pubnames
                0x00000d53       0x63 src/asf/common/services/usb/class/cdc/device/udi_cdc_desc.o
 .debug_pubnames
                0x00000db6       0x64 src/asf/common/services/usb/udc/udc.o
 .debug_pubnames
                0x00000e1a       0x28 src/asf/common/utils/stdio/read.o
 .debug_pubnames
                0x00000e42       0x95 src/asf/common/utils/stdio/stdio_usb/stdio_usb.o
 .debug_pubnames
                0x00000ed7       0x38 src/asf/common/utils/stdio/write.o
 .debug_pubnames
                0x00000f0f       0x71 src/asf/thirdparty/freertos/source/list.o
 .debug_pubnames
                0x00000f80       0xf6 src/asf/thirdparty/freertos/source/portable/gcc/avr32_uc3/port.o
 .debug_pubnames
                0x00001076       0x31 src/asf/thirdparty/freertos/source/portable/memmang/heap_3.o
 .debug_pubnames
                0x000010a7      0x253 src/asf/thirdparty/freertos/source/tasks.o
 .debug_pubnames
                0x000012fa       0x4b src/main.o
 .debug_pubnames
                0x00001345       0x1d c:/program files (x86)/atmel/studio/7.0/toolchain/avr32/avr32-gnu-toolchain/bin/../lib/gcc/avr32/4.4.7/../../../../avr32/lib/ucr2\libc.a(lib_a-atexit.o)
 .debug_pubnames
                0x00001362       0x1b c:/program files (x86)/atmel/studio/7.0/toolchain/avr32/avr32-gnu-toolchain/bin/../lib/gcc/avr32/4.4.7/../../../../avr32/lib/ucr2\libc.a(lib_a-exit.o)
 .debug_pubnames
                0x0000137d       0x39 c:/program files (x86)/atmel/studio/7.0/toolchain/avr32/avr32-gnu-toolchain/bin/../lib/gcc/avr32/4.4.7/../../../../avr32/lib/ucr2\libc.a(lib_a-impure.o)
 .debug_pubnames
                0x000013b6       0x26 c:/program files (x86)/atmel/studio/7.0/toolchain/avr32/avr32-gnu-toolchain/bin/../lib/gcc/avr32/4.4.7/../../../../avr32/lib/ucr2\libc.a(lib_a-malloc.o)
 .debug_pubnames
                0x000013dc       0xce c:/program files (x86)/atmel/studio/7.0/toolchain/avr32/avr32-gnu-toolchain/bin/../lib/gcc/avr32/4.4.7/../../../../avr32/lib/ucr2\libc.a(lib_a-mallocr.o)
 .debug_pubnames
                0x000014aa       0x1d c:/program files (x86)/atmel/studio/7.0/toolchain/avr32/avr32-gnu-toolchain/bin/../lib/gcc/avr32/4.4.7/../../../../avr32/lib/ucr2\libc.a(lib_a-memset.o)
 .debug_pubnames
                0x000014c7       0x1e c:/program files (x86)/atmel/studio/7.0/toolchain/avr32/avr32-gnu-toolchain/bin/../lib/gcc/avr32/4.4.7/../../../../avr32/lib/ucr2\libc.a(lib_a-sbrkr.o)
 .debug_pubnames
                0x000014e5       0x1d c:/program files (x86)/atmel/studio/7.0/toolchain/avr32/avr32-gnu-toolchain/bin/../lib/gcc/avr32/4.4.7/../../../../avr32/lib/ucr2\libc.a(lib_a-setbuf.o)
 .debug_pubnames
                0x00001502       0x1e c:/program files (x86)/atmel/studio/7.0/toolchain/avr32/avr32-gnu-toolchain/bin/../lib/gcc/avr32/4.4.7/../../../../avr32/lib/ucr2\libc.a(lib_a-setvbuf.o)
 .debug_pubnames
                0x00001520      0x171 c:/program files (x86)/atmel/studio/7.0/toolchain/avr32/avr32-gnu-toolchain/bin/../lib/gcc/avr32/4.4.7/../../../../avr32/lib/ucr2\libc.a(lib_a-syscalls.o)
 .debug_pubnames
                0x00001691       0x2a c:/program files (x86)/atmel/studio/7.0/toolchain/avr32/avr32-gnu-toolchain/bin/../lib/gcc/avr32/4.4.7/../../../../avr32/lib/ucr2\libc.a(lib_a-__atexit.o)
 .debug_pubnames
                0x000016bb       0x27 c:/program files (x86)/atmel/studio/7.0/toolchain/avr32/avr32-gnu-toolchain/bin/../lib/gcc/avr32/4.4.7/../../../../avr32/lib/ucr2\libc.a(lib_a-__call_atexit.o)
 .debug_pubnames
                0x000016e2       0x1e c:/program files (x86)/atmel/studio/7.0/toolchain/avr32/avr32-gnu-toolchain/bin/../lib/gcc/avr32/4.4.7/../../../../avr32/lib/ucr2\libc.a(lib_a-errno.o)
 .debug_pubnames
                0x00001700       0x2b c:/program files (x86)/atmel/studio/7.0/toolchain/avr32/avr32-gnu-toolchain/bin/../lib/gcc/avr32/4.4.7/../../../../avr32/lib/ucr2\libc.a(lib_a-fflush.o)
 .debug_pubnames
                0x0000172b      0x119 c:/program files (x86)/atmel/studio/7.0/toolchain/avr32/avr32-gnu-toolchain/bin/../lib/gcc/avr32/4.4.7/../../../../avr32/lib/ucr2\libc.a(lib_a-findfp.o)
 .debug_pubnames
                0x00001844       0x31 c:/program files (x86)/atmel/studio/7.0/toolchain/avr32/avr32-gnu-toolchain/bin/../lib/gcc/avr32/4.4.7/../../../../avr32/lib/ucr2\libc.a(lib_a-freer.o)
 .debug_pubnames
                0x00001875       0x2e c:/program files (x86)/atmel/studio/7.0/toolchain/avr32/avr32-gnu-toolchain/bin/../lib/gcc/avr32/4.4.7/../../../../avr32/lib/ucr2\libc.a(lib_a-fwalk.o)
 .debug_pubnames
                0x000018a3       0x52 c:/program files (x86)/atmel/studio/7.0/toolchain/avr32/avr32-gnu-toolchain/bin/../lib/gcc/avr32/4.4.7/../../../../avr32/lib/ucr2\libc.a(lib_a-reent.o)
 .debug_pubnames
                0x000018f5       0x44 c:/program files (x86)/atmel/studio/7.0/toolchain/avr32/avr32-gnu-toolchain/bin/../lib/gcc/avr32/4.4.7/../../../../avr32/lib/ucr2\libc.a(lib_a-stdio.o)
 .debug_pubnames
                0x00001939       0x1f c:/program files (x86)/atmel/studio/7.0/toolchain/avr32/avr32-gnu-toolchain/bin/../lib/gcc/avr32/4.4.7/../../../../avr32/lib/ucr2\libc.a(lib_a-writer.o)
 .debug_pubnames
                0x00001958       0x1f c:/program files (x86)/atmel/studio/7.0/toolchain/avr32/avr32-gnu-toolchain/bin/../lib/gcc/avr32/4.4.7/../../../../avr32/lib/ucr2\libc.a(lib_a-closer.o)
 .debug_pubnames
                0x00001977       0x2b c:/program files (x86)/atmel/studio/7.0/toolchain/avr32/avr32-gnu-toolchain/bin/../lib/gcc/avr32/4.4.7/../../../../avr32/lib/ucr2\libc.a(lib_a-fclose.o)
 .debug_pubnames
                0x000019a2       0x1f c:/program files (x86)/atmel/studio/7.0/toolchain/avr32/avr32-gnu-toolchain/bin/../lib/gcc/avr32/4.4.7/../../../../avr32/lib/ucr2\libc.a(lib_a-lseekr.o)
 .debug_pubnames
                0x000019c1       0x1e c:/program files (x86)/atmel/studio/7.0/toolchain/avr32/avr32-gnu-toolchain/bin/../lib/gcc/avr32/4.4.7/../../../../avr32/lib/ucr2\libc.a(lib_a-readr.o)

.debug_info     0x00000000    0x25b70
 *(.debug_info .gnu.linkonce.wi.*)
 .debug_info    0x00000000       0xa8 src/asf/avr32/boards/uc3_a3_xplained/init.o
 .debug_info    0x000000a8      0xb1b src/asf/avr32/drivers/gpio/gpio.o
 .debug_info    0x00000bc3      0x68d src/asf/avr32/drivers/intc/intc.o
 .debug_info    0x00001250     0x1b64 src/asf/avr32/drivers/pm/pm.o
 .debug_info    0x00002db4     0x1094 src/asf/avr32/drivers/pm/power_clocks_lib.o
 .debug_info    0x00003e48     0xd645 src/asf/avr32/drivers/usbb/usbb_device.o
 .debug_info    0x0001148d     0x14be src/asf/common/services/clock/uc3a3_a4/sysclk.o
 .debug_info    0x0001294b       0xf9 src/asf/common/services/sleepmgr/uc3/sleepmgr.o
 .debug_info    0x00012a44      0xb6a src/asf/common/services/usb/class/cdc/device/udi_cdc.o
 .debug_info    0x000135ae      0x763 src/asf/common/services/usb/class/cdc/device/udi_cdc_desc.o
 .debug_info    0x00013d11      0xcac src/asf/common/services/usb/udc/udc.o
 .debug_info    0x000149bd      0x151 src/asf/common/utils/stdio/read.o
 .debug_info    0x00014b0e      0x263 src/asf/common/utils/stdio/stdio_usb/stdio_usb.o
 .debug_info    0x00014d71      0x13e src/asf/common/utils/stdio/write.o
 .debug_info    0x00014eaf      0x2b9 src/asf/thirdparty/freertos/source/list.o
 .debug_info    0x00015168      0xac5 src/asf/thirdparty/freertos/source/portable/gcc/avr32_uc3/port.o
 .debug_info    0x00015c2d       0xfc src/asf/thirdparty/freertos/source/portable/memmang/heap_3.o
 .debug_info    0x00015d29      0xd38 src/asf/thirdparty/freertos/source/tasks.o
 .debug_info    0x00016a61     0x1b6a src/main.o
 .debug_info    0x000185cb       0xc5 c:/program files (x86)/atmel/studio/7.0/toolchain/avr32/avr32-gnu-toolchain/bin/../lib/gcc/avr32/4.4.7/../../../../avr32/lib/ucr2\libc.a(lib_a-atexit.o)
 .debug_info    0x00018690      0x8b7 c:/program files (x86)/atmel/studio/7.0/toolchain/avr32/avr32-gnu-toolchain/bin/../lib/gcc/avr32/4.4.7/../../../../avr32/lib/ucr2\libc.a(lib_a-exit.o)
 .debug_info    0x00018f47      0x960 c:/program files (x86)/atmel/studio/7.0/toolchain/avr32/avr32-gnu-toolchain/bin/../lib/gcc/avr32/4.4.7/../../../../avr32/lib/ucr2\libc.a(lib_a-impure.o)
 .debug_info    0x000198a7      0x8ea c:/program files (x86)/atmel/studio/7.0/toolchain/avr32/avr32-gnu-toolchain/bin/../lib/gcc/avr32/4.4.7/../../../../avr32/lib/ucr2\libc.a(lib_a-malloc.o)
 .debug_info    0x0001a191      0xc4e c:/program files (x86)/atmel/studio/7.0/toolchain/avr32/avr32-gnu-toolchain/bin/../lib/gcc/avr32/4.4.7/../../../../avr32/lib/ucr2\libc.a(lib_a-mallocr.o)
 .debug_info    0x0001addf       0xcd c:/program files (x86)/atmel/studio/7.0/toolchain/avr32/avr32-gnu-toolchain/bin/../lib/gcc/avr32/4.4.7/../../../../avr32/lib/ucr2\libc.a(lib_a-memset.o)
 .debug_info    0x0001aeac      0x8de c:/program files (x86)/atmel/studio/7.0/toolchain/avr32/avr32-gnu-toolchain/bin/../lib/gcc/avr32/4.4.7/../../../../avr32/lib/ucr2\libc.a(lib_a-sbrkr.o)
 .debug_info    0x0001b78a      0x8c3 c:/program files (x86)/atmel/studio/7.0/toolchain/avr32/avr32-gnu-toolchain/bin/../lib/gcc/avr32/4.4.7/../../../../avr32/lib/ucr2\libc.a(lib_a-setbuf.o)
 .debug_info    0x0001c04d      0x9c5 c:/program files (x86)/atmel/studio/7.0/toolchain/avr32/avr32-gnu-toolchain/bin/../lib/gcc/avr32/4.4.7/../../../../avr32/lib/ucr2\libc.a(lib_a-setvbuf.o)
 .debug_info    0x0001ca12      0x93a c:/program files (x86)/atmel/studio/7.0/toolchain/avr32/avr32-gnu-toolchain/bin/../lib/gcc/avr32/4.4.7/../../../../avr32/lib/ucr2\libc.a(lib_a-syscalls.o)
 .debug_info    0x0001d34c      0x92c c:/program files (x86)/atmel/studio/7.0/toolchain/avr32/avr32-gnu-toolchain/bin/../lib/gcc/avr32/4.4.7/../../../../avr32/lib/ucr2\libc.a(lib_a-__atexit.o)
 .debug_info    0x0001dc78      0x931 c:/program files (x86)/atmel/studio/7.0/toolchain/avr32/avr32-gnu-toolchain/bin/../lib/gcc/avr32/4.4.7/../../../../avr32/lib/ucr2\libc.a(lib_a-__call_atexit.o)
 .debug_info    0x0001e5a9      0x8a6 c:/program files (x86)/atmel/studio/7.0/toolchain/avr32/avr32-gnu-toolchain/bin/../lib/gcc/avr32/4.4.7/../../../../avr32/lib/ucr2\libc.a(lib_a-errno.o)
 .debug_info    0x0001ee4f      0xa22 c:/program files (x86)/atmel/studio/7.0/toolchain/avr32/avr32-gnu-toolchain/bin/../lib/gcc/avr32/4.4.7/../../../../avr32/lib/ucr2\libc.a(lib_a-fflush.o)
 .debug_info    0x0001f871      0xc2a c:/program files (x86)/atmel/studio/7.0/toolchain/avr32/avr32-gnu-toolchain/bin/../lib/gcc/avr32/4.4.7/../../../../avr32/lib/ucr2\libc.a(lib_a-findfp.o)
 .debug_info    0x0002049b      0xb3d c:/program files (x86)/atmel/studio/7.0/toolchain/avr32/avr32-gnu-toolchain/bin/../lib/gcc/avr32/4.4.7/../../../../avr32/lib/ucr2\libc.a(lib_a-freer.o)
 .debug_info    0x00020fd8      0xa61 c:/program files (x86)/atmel/studio/7.0/toolchain/avr32/avr32-gnu-toolchain/bin/../lib/gcc/avr32/4.4.7/../../../../avr32/lib/ucr2\libc.a(lib_a-fwalk.o)
 .debug_info    0x00021a39      0x973 c:/program files (x86)/atmel/studio/7.0/toolchain/avr32/avr32-gnu-toolchain/bin/../lib/gcc/avr32/4.4.7/../../../../avr32/lib/ucr2\libc.a(lib_a-reent.o)
 .debug_info    0x000223ac      0xa28 c:/program files (x86)/atmel/studio/7.0/toolchain/avr32/avr32-gnu-toolchain/bin/../lib/gcc/avr32/4.4.7/../../../../avr32/lib/ucr2\libc.a(lib_a-stdio.o)
 .debug_info    0x00022dd4      0x90d c:/program files (x86)/atmel/studio/7.0/toolchain/avr32/avr32-gnu-toolchain/bin/../lib/gcc/avr32/4.4.7/../../../../avr32/lib/ucr2\libc.a(lib_a-writer.o)
 .debug_info    0x000236e1      0x8d2 c:/program files (x86)/atmel/studio/7.0/toolchain/avr32/avr32-gnu-toolchain/bin/../lib/gcc/avr32/4.4.7/../../../../avr32/lib/ucr2\libc.a(lib_a-closer.o)
 .debug_info    0x00023fb3      0x9bc c:/program files (x86)/atmel/studio/7.0/toolchain/avr32/avr32-gnu-toolchain/bin/../lib/gcc/avr32/4.4.7/../../../../avr32/lib/ucr2\libc.a(lib_a-fclose.o)
 .debug_info    0x0002496f      0x8fb c:/program files (x86)/atmel/studio/7.0/toolchain/avr32/avr32-gnu-toolchain/bin/../lib/gcc/avr32/4.4.7/../../../../avr32/lib/ucr2\libc.a(lib_a-lseekr.o)
 .debug_info    0x0002526a      0x906 c:/program files (x86)/atmel/studio/7.0/toolchain/avr32/avr32-gnu-toolchain/bin/../lib/gcc/avr32/4.4.7/../../../../avr32/lib/ucr2\libc.a(lib_a-readr.o)

.debug_abbrev   0x00000000     0x47c8
 *(.debug_abbrev)
 .debug_abbrev  0x00000000       0x4c src/asf/avr32/boards/uc3_a3_xplained/init.o
 .debug_abbrev  0x0000004c      0x28b src/asf/avr32/drivers/gpio/gpio.o
 .debug_abbrev  0x000002d7      0x1e5 src/asf/avr32/drivers/intc/intc.o
 .debug_abbrev  0x000004bc      0x2d1 src/asf/avr32/drivers/pm/pm.o
 .debug_abbrev  0x0000078d      0x1cd src/asf/avr32/drivers/pm/power_clocks_lib.o
 .debug_abbrev  0x0000095a      0x45d src/asf/avr32/drivers/usbb/usbb_device.o
 .debug_abbrev  0x00000db7      0x2d0 src/asf/common/services/clock/uc3a3_a4/sysclk.o
 .debug_abbrev  0x00001087       0x7d src/asf/common/services/sleepmgr/uc3/sleepmgr.o
 .debug_abbrev  0x00001104      0x2d0 src/asf/common/services/usb/class/cdc/device/udi_cdc.o
 .debug_abbrev  0x000013d4       0xfb src/asf/common/services/usb/class/cdc/device/udi_cdc_desc.o
 .debug_abbrev  0x000014cf      0x272 src/asf/common/services/usb/udc/udc.o
 .debug_abbrev  0x00001741       0xdc src/asf/common/utils/stdio/read.o
 .debug_abbrev  0x0000181d      0x121 src/asf/common/utils/stdio/stdio_usb/stdio_usb.o
 .debug_abbrev  0x0000193e       0xb5 src/asf/common/utils/stdio/write.o
 .debug_abbrev  0x000019f3       0xdb src/asf/thirdparty/freertos/source/list.o
 .debug_abbrev  0x00001ace      0x295 src/asf/thirdparty/freertos/source/portable/gcc/avr32_uc3/port.o
 .debug_abbrev  0x00001d63       0xa4 src/asf/thirdparty/freertos/source/portable/memmang/heap_3.o
 .debug_abbrev  0x00001e07      0x269 src/asf/thirdparty/freertos/source/tasks.o
 .debug_abbrev  0x00002070      0x262 src/main.o
 .debug_abbrev  0x000022d2       0x81 c:/program files (x86)/atmel/studio/7.0/toolchain/avr32/avr32-gnu-toolchain/bin/../lib/gcc/avr32/4.4.7/../../../../avr32/lib/ucr2\libc.a(lib_a-atexit.o)
 .debug_abbrev  0x00002353      0x15f c:/program files (x86)/atmel/studio/7.0/toolchain/avr32/avr32-gnu-toolchain/bin/../lib/gcc/avr32/4.4.7/../../../../avr32/lib/ucr2\libc.a(lib_a-exit.o)
 .debug_abbrev  0x000024b2      0x160 c:/program files (x86)/atmel/studio/7.0/toolchain/avr32/avr32-gnu-toolchain/bin/../lib/gcc/avr32/4.4.7/../../../../avr32/lib/ucr2\libc.a(lib_a-impure.o)
 .debug_abbrev  0x00002612      0x178 c:/program files (x86)/atmel/studio/7.0/toolchain/avr32/avr32-gnu-toolchain/bin/../lib/gcc/avr32/4.4.7/../../../../avr32/lib/ucr2\libc.a(lib_a-malloc.o)
 .debug_abbrev  0x0000278a      0x205 c:/program files (x86)/atmel/studio/7.0/toolchain/avr32/avr32-gnu-toolchain/bin/../lib/gcc/avr32/4.4.7/../../../../avr32/lib/ucr2\libc.a(lib_a-mallocr.o)
 .debug_abbrev  0x0000298f       0x85 c:/program files (x86)/atmel/studio/7.0/toolchain/avr32/avr32-gnu-toolchain/bin/../lib/gcc/avr32/4.4.7/../../../../avr32/lib/ucr2\libc.a(lib_a-memset.o)
 .debug_abbrev  0x00002a14      0x17f c:/program files (x86)/atmel/studio/7.0/toolchain/avr32/avr32-gnu-toolchain/bin/../lib/gcc/avr32/4.4.7/../../../../avr32/lib/ucr2\libc.a(lib_a-sbrkr.o)
 .debug_abbrev  0x00002b93      0x14e c:/program files (x86)/atmel/studio/7.0/toolchain/avr32/avr32-gnu-toolchain/bin/../lib/gcc/avr32/4.4.7/../../../../avr32/lib/ucr2\libc.a(lib_a-setbuf.o)
 .debug_abbrev  0x00002ce1      0x195 c:/program files (x86)/atmel/studio/7.0/toolchain/avr32/avr32-gnu-toolchain/bin/../lib/gcc/avr32/4.4.7/../../../../avr32/lib/ucr2\libc.a(lib_a-setvbuf.o)
 .debug_abbrev  0x00002e76      0x19a c:/program files (x86)/atmel/studio/7.0/toolchain/avr32/avr32-gnu-toolchain/bin/../lib/gcc/avr32/4.4.7/../../../../avr32/lib/ucr2\libc.a(lib_a-syscalls.o)
 .debug_abbrev  0x00003010      0x1b5 c:/program files (x86)/atmel/studio/7.0/toolchain/avr32/avr32-gnu-toolchain/bin/../lib/gcc/avr32/4.4.7/../../../../avr32/lib/ucr2\libc.a(lib_a-__atexit.o)
 .debug_abbrev  0x000031c5      0x1bc c:/program files (x86)/atmel/studio/7.0/toolchain/avr32/avr32-gnu-toolchain/bin/../lib/gcc/avr32/4.4.7/../../../../avr32/lib/ucr2\libc.a(lib_a-__call_atexit.o)
 .debug_abbrev  0x00003381      0x150 c:/program files (x86)/atmel/studio/7.0/toolchain/avr32/avr32-gnu-toolchain/bin/../lib/gcc/avr32/4.4.7/../../../../avr32/lib/ucr2\libc.a(lib_a-errno.o)
 .debug_abbrev  0x000034d1      0x1c6 c:/program files (x86)/atmel/studio/7.0/toolchain/avr32/avr32-gnu-toolchain/bin/../lib/gcc/avr32/4.4.7/../../../../avr32/lib/ucr2\libc.a(lib_a-fflush.o)
 .debug_abbrev  0x00003697      0x28c c:/program files (x86)/atmel/studio/7.0/toolchain/avr32/avr32-gnu-toolchain/bin/../lib/gcc/avr32/4.4.7/../../../../avr32/lib/ucr2\libc.a(lib_a-findfp.o)
 .debug_abbrev  0x00003923      0x1d9 c:/program files (x86)/atmel/studio/7.0/toolchain/avr32/avr32-gnu-toolchain/bin/../lib/gcc/avr32/4.4.7/../../../../avr32/lib/ucr2\libc.a(lib_a-freer.o)
 .debug_abbrev  0x00003afc      0x1df c:/program files (x86)/atmel/studio/7.0/toolchain/avr32/avr32-gnu-toolchain/bin/../lib/gcc/avr32/4.4.7/../../../../avr32/lib/ucr2\libc.a(lib_a-fwalk.o)
 .debug_abbrev  0x00003cdb      0x1e6 c:/program files (x86)/atmel/studio/7.0/toolchain/avr32/avr32-gnu-toolchain/bin/../lib/gcc/avr32/4.4.7/../../../../avr32/lib/ucr2\libc.a(lib_a-reent.o)
 .debug_abbrev  0x00003ec1      0x192 c:/program files (x86)/atmel/studio/7.0/toolchain/avr32/avr32-gnu-toolchain/bin/../lib/gcc/avr32/4.4.7/../../../../avr32/lib/ucr2\libc.a(lib_a-stdio.o)
 .debug_abbrev  0x00004053      0x175 c:/program files (x86)/atmel/studio/7.0/toolchain/avr32/avr32-gnu-toolchain/bin/../lib/gcc/avr32/4.4.7/../../../../avr32/lib/ucr2\libc.a(lib_a-writer.o)
 .debug_abbrev  0x000041c8      0x170 c:/program files (x86)/atmel/studio/7.0/toolchain/avr32/avr32-gnu-toolchain/bin/../lib/gcc/avr32/4.4.7/../../../../avr32/lib/ucr2\libc.a(lib_a-closer.o)
 .debug_abbrev  0x00004338      0x1a1 c:/program files (x86)/atmel/studio/7.0/toolchain/avr32/avr32-gnu-toolchain/bin/../lib/gcc/avr32/4.4.7/../../../../avr32/lib/ucr2\libc.a(lib_a-fclose.o)
 .debug_abbrev  0x000044d9      0x17f c:/program files (x86)/atmel/studio/7.0/toolchain/avr32/avr32-gnu-toolchain/bin/../lib/gcc/avr32/4.4.7/../../../../avr32/lib/ucr2\libc.a(lib_a-lseekr.o)
 .debug_abbrev  0x00004658      0x170 c:/program files (x86)/atmel/studio/7.0/toolchain/avr32/avr32-gnu-toolchain/bin/../lib/gcc/avr32/4.4.7/../../../../avr32/lib/ucr2\libc.a(lib_a-readr.o)

.debug_line     0x00000000     0xe756
 *(.debug_line)
 .debug_line    0x00000000      0x6c6 src/asf/avr32/boards/uc3_a3_xplained/init.o
 .debug_line    0x000006c6      0x8a4 src/asf/avr32/drivers/gpio/gpio.o
 .debug_line    0x00000f6a      0x660 src/asf/avr32/drivers/intc/intc.o
 .debug_line    0x000015ca      0x9a7 src/asf/avr32/drivers/pm/pm.o
 .debug_line    0x00001f71      0x6a2 src/asf/avr32/drivers/pm/power_clocks_lib.o
 .debug_line    0x00002613      0xf67 src/asf/avr32/drivers/usbb/usbb_device.o
 .debug_line    0x0000357a      0x883 src/asf/common/services/clock/uc3a3_a4/sysclk.o
 .debug_line    0x00003dfd      0x6bb src/asf/common/services/sleepmgr/uc3/sleepmgr.o
 .debug_line    0x000044b8      0xae4 src/asf/common/services/usb/class/cdc/device/udi_cdc.o
 .debug_line    0x00004f9c      0x7ba src/asf/common/services/usb/class/cdc/device/udi_cdc_desc.o
 .debug_line    0x00005756      0x94a src/asf/common/services/usb/udc/udc.o
 .debug_line    0x000060a0      0x63a src/asf/common/utils/stdio/read.o
 .debug_line    0x000066da      0x83b src/asf/common/utils/stdio/stdio_usb/stdio_usb.o
 .debug_line    0x00006f15      0x634 src/asf/common/utils/stdio/write.o
 .debug_line    0x00007549      0x7ea src/asf/thirdparty/freertos/source/list.o
 .debug_line    0x00007d33      0x8a7 src/asf/thirdparty/freertos/source/portable/gcc/avr32_uc3/port.o
 .debug_line    0x000085da      0x7b8 src/asf/thirdparty/freertos/source/portable/memmang/heap_3.o
 .debug_line    0x00008d92      0xb18 src/asf/thirdparty/freertos/source/tasks.o
 .debug_line    0x000098aa      0xaa4 src/main.o
 .debug_line    0x0000a34e      0x128 c:/program files (x86)/atmel/studio/7.0/toolchain/avr32/avr32-gnu-toolchain/bin/../lib/gcc/avr32/4.4.7/../../../../avr32/lib/ucr2\libc.a(lib_a-atexit.o)
 .debug_line    0x0000a476      0x24d c:/program files (x86)/atmel/studio/7.0/toolchain/avr32/avr32-gnu-toolchain/bin/../lib/gcc/avr32/4.4.7/../../../../avr32/lib/ucr2\libc.a(lib_a-exit.o)
 .debug_line    0x0000a6c3      0x1a8 c:/program files (x86)/atmel/studio/7.0/toolchain/avr32/avr32-gnu-toolchain/bin/../lib/gcc/avr32/4.4.7/../../../../avr32/lib/ucr2\libc.a(lib_a-impure.o)
 .debug_line    0x0000a86b      0x255 c:/program files (x86)/atmel/studio/7.0/toolchain/avr32/avr32-gnu-toolchain/bin/../lib/gcc/avr32/4.4.7/../../../../avr32/lib/ucr2\libc.a(lib_a-malloc.o)
 .debug_line    0x0000aac0      0x571 c:/program files (x86)/atmel/studio/7.0/toolchain/avr32/avr32-gnu-toolchain/bin/../lib/gcc/avr32/4.4.7/../../../../avr32/lib/ucr2\libc.a(lib_a-mallocr.o)
 .debug_line    0x0000b031      0x1be c:/program files (x86)/atmel/studio/7.0/toolchain/avr32/avr32-gnu-toolchain/bin/../lib/gcc/avr32/4.4.7/../../../../avr32/lib/ucr2\libc.a(lib_a-memset.o)
 .debug_line    0x0000b1ef      0x258 c:/program files (x86)/atmel/studio/7.0/toolchain/avr32/avr32-gnu-toolchain/bin/../lib/gcc/avr32/4.4.7/../../../../avr32/lib/ucr2\libc.a(lib_a-sbrkr.o)
 .debug_line    0x0000b447      0x236 c:/program files (x86)/atmel/studio/7.0/toolchain/avr32/avr32-gnu-toolchain/bin/../lib/gcc/avr32/4.4.7/../../../../avr32/lib/ucr2\libc.a(lib_a-setbuf.o)
 .debug_line    0x0000b67d      0x2f7 c:/program files (x86)/atmel/studio/7.0/toolchain/avr32/avr32-gnu-toolchain/bin/../lib/gcc/avr32/4.4.7/../../../../avr32/lib/ucr2\libc.a(lib_a-setvbuf.o)
 .debug_line    0x0000b974      0x58e c:/program files (x86)/atmel/studio/7.0/toolchain/avr32/avr32-gnu-toolchain/bin/../lib/gcc/avr32/4.4.7/../../../../avr32/lib/ucr2\libc.a(lib_a-syscalls.o)
 .debug_line    0x0000bf02      0x263 c:/program files (x86)/atmel/studio/7.0/toolchain/avr32/avr32-gnu-toolchain/bin/../lib/gcc/avr32/4.4.7/../../../../avr32/lib/ucr2\libc.a(lib_a-__atexit.o)
 .debug_line    0x0000c165      0x2a6 c:/program files (x86)/atmel/studio/7.0/toolchain/avr32/avr32-gnu-toolchain/bin/../lib/gcc/avr32/4.4.7/../../../../avr32/lib/ucr2\libc.a(lib_a-__call_atexit.o)
 .debug_line    0x0000c40b      0x1ce c:/program files (x86)/atmel/studio/7.0/toolchain/avr32/avr32-gnu-toolchain/bin/../lib/gcc/avr32/4.4.7/../../../../avr32/lib/ucr2\libc.a(lib_a-errno.o)
 .debug_line    0x0000c5d9      0x355 c:/program files (x86)/atmel/studio/7.0/toolchain/avr32/avr32-gnu-toolchain/bin/../lib/gcc/avr32/4.4.7/../../../../avr32/lib/ucr2\libc.a(lib_a-fflush.o)
 .debug_line    0x0000c92e      0x5ad c:/program files (x86)/atmel/studio/7.0/toolchain/avr32/avr32-gnu-toolchain/bin/../lib/gcc/avr32/4.4.7/../../../../avr32/lib/ucr2\libc.a(lib_a-findfp.o)
 .debug_line    0x0000cedb      0x34c c:/program files (x86)/atmel/studio/7.0/toolchain/avr32/avr32-gnu-toolchain/bin/../lib/gcc/avr32/4.4.7/../../../../avr32/lib/ucr2\libc.a(lib_a-freer.o)
 .debug_line    0x0000d227      0x2fa c:/program files (x86)/atmel/studio/7.0/toolchain/avr32/avr32-gnu-toolchain/bin/../lib/gcc/avr32/4.4.7/../../../../avr32/lib/ucr2\libc.a(lib_a-fwalk.o)
 .debug_line    0x0000d521      0x2ec c:/program files (x86)/atmel/studio/7.0/toolchain/avr32/avr32-gnu-toolchain/bin/../lib/gcc/avr32/4.4.7/../../../../avr32/lib/ucr2\libc.a(lib_a-reent.o)
 .debug_line    0x0000d80d      0x303 c:/program files (x86)/atmel/studio/7.0/toolchain/avr32/avr32-gnu-toolchain/bin/../lib/gcc/avr32/4.4.7/../../../../avr32/lib/ucr2\libc.a(lib_a-stdio.o)
 .debug_line    0x0000db10      0x265 c:/program files (x86)/atmel/studio/7.0/toolchain/avr32/avr32-gnu-toolchain/bin/../lib/gcc/avr32/4.4.7/../../../../avr32/lib/ucr2\libc.a(lib_a-writer.o)
 .debug_line    0x0000dd75      0x259 c:/program files (x86)/atmel/studio/7.0/toolchain/avr32/avr32-gnu-toolchain/bin/../lib/gcc/avr32/4.4.7/../../../../avr32/lib/ucr2\libc.a(lib_a-closer.o)
 .debug_line    0x0000dfce      0x2bf c:/program files (x86)/atmel/studio/7.0/toolchain/avr32/avr32-gnu-toolchain/bin/../lib/gcc/avr32/4.4.7/../../../../avr32/lib/ucr2\libc.a(lib_a-fclose.o)
 .debug_line    0x0000e28d      0x265 c:/program files (x86)/atmel/studio/7.0/toolchain/avr32/avr32-gnu-toolchain/bin/../lib/gcc/avr32/4.4.7/../../../../avr32/lib/ucr2\libc.a(lib_a-lseekr.o)
 .debug_line    0x0000e4f2      0x264 c:/program files (x86)/atmel/studio/7.0/toolchain/avr32/avr32-gnu-toolchain/bin/../lib/gcc/avr32/4.4.7/../../../../avr32/lib/ucr2\libc.a(lib_a-readr.o)

.debug_frame    0x00000000     0x1db0
 *(.debug_frame)
 .debug_frame   0x00000000       0x4c c:/program files (x86)/atmel/studio/7.0/toolchain/avr32/avr32-gnu-toolchain/bin/../lib/gcc/avr32/4.4.7/ucr2/crtbegin.o
 .debug_frame   0x0000004c       0x28 src/asf/avr32/boards/uc3_a3_xplained/init.o
 .debug_frame   0x00000074      0x204 src/asf/avr32/drivers/gpio/gpio.o
 .debug_frame   0x00000278       0x64 src/asf/avr32/drivers/intc/intc.o
 .debug_frame   0x000002dc      0x390 src/asf/avr32/drivers/pm/pm.o
 .debug_frame   0x0000066c       0x88 src/asf/avr32/drivers/pm/power_clocks_lib.o
 .debug_frame   0x000006f4      0x2a8 src/asf/avr32/drivers/usbb/usbb_device.o
 .debug_frame   0x0000099c       0xac src/asf/common/services/clock/uc3a3_a4/sysclk.o
 .debug_frame   0x00000a48      0x2cc src/asf/common/services/usb/class/cdc/device/udi_cdc.o
 .debug_frame   0x00000d14      0x11c src/asf/common/services/usb/udc/udc.o
 .debug_frame   0x00000e30       0x3c src/asf/common/utils/stdio/read.o